<html>
<body>
<pre>
<h1>µVision Build Log</h1>
<h2>Tool Versions:</h2>
IDE-Version: ¦ÌVision V5.29.0.0
Copyright (C) 2019 ARM Ltd and ARM Germany GmbH. All rights reserved.
License Information: Peijun Zhao, University of Oxford, LIC=----
 
Tool Versions:
Toolchain:       MDK-Lite  Version: 5.29.0.0
Toolchain Path:  C:\Keil_v5\ARM\ARMCC\Bin
C Compiler:      Armcc.exe V5.06 update 6 (build 750)
Assembler:       Armasm.exe V5.06 update 6 (build 750)
Linker/Locator:  ArmLink.exe V5.06 update 6 (build 750)
Library Manager: ArmAr.exe V5.06 update 6 (build 750)
Hex Converter:   FromElf.exe V5.06 update 6 (build 750)
CPU DLL:         SARMCM3.DLL V5.29.0.0
Dialog DLL:      DCM.DLL V1.17.3.0
Target DLL:      STLink\ST-LINKIII-KEIL_SWO.dll V3.0.7.0
Dialog DLL:      TCM.DLL V1.36.5.0
 
<h2>Project:</h2>
C:\Users\zhaoy\Desktop\ess\Labs\Skeletons\D1_001_Skeleton\01-STM32F4xx_Keil_CMSIS_Default_Project\project.uvprojx
Project File Date:  01/28/2020

<h2>Output:</h2>
*** Using Compiler 'V5.06 update 6 (build 750)', folder: 'C:\Keil_v5\ARM\ARMCC\Bin'
Build target 'STM32F4-Discovery'
assembling startup_stm32f40_41xxx.s...
compiling main.c...
.\delay.h(7): warning:  #1-D: last line of file ends without a newline
  #endif
..\ESS\spi_driver.h(29): warning:  #1-D: last line of file ends without a newline
  #endif
User\main.c(275): warning:  #940-D: missing return statement at end of non-void function "calculate_temp_integer" 
  }
User\main.c(285): warning:  #177-D: variable "loop_count"  was declared but never referenced
  	uint32_t loop_count = 0;
User\main.c(286): warning:  #177-D: variable "on_time"  was declared but never referenced
  	uint32_t on_time = 0;
User\main.c(287): warning:  #177-D: variable "datax_l"  was declared but never referenced
  	uint8_t datax_l;
User\main.c(288): warning:  #177-D: variable "datax_h"  was declared but never referenced
  	uint8_t datax_h;
User\main.c(289): warning:  #177-D: variable "datax"  was declared but never referenced
  	int16_t datax;
User\main.c(290): warning:  #177-D: variable "reading"  was declared but never referenced
  	acc3_t reading;
User\main.c(292): warning:  #550-D: variable "temp_float"  was set but never used
  	float temp_float;
User\main.c(293): warning:  #550-D: variable "temp_value"  was set but never used
  			uint32_t temp_value;
User\main.c: 11 warnings, 0 errors
linking...
Program Size: Code=14404 RO-data=424 RW-data=136 ZI-data=1280  
FromELF: creating hex file...
".\Targets\STM32F4_Discovery\project.axf" - 0 Error(s), 11 Warning(s).

<h2>Software Packages used:</h2>

Package Vendor: Keil
                http://www.keil.com/pack/Keil.STM32F4xx_DFP.2.14.0.pack
                Keil.STM32F4xx_DFP.2.14.0
                STMicroelectronics STM32F4 Series Device Support, Drivers and Examples

<h2>Collection of Component include folders:</h2>
  .\RTE\_STM32F4-Discovery
  C:\Users\zhaoy\AppData\Local\Arm\Packs\Keil\STM32F4xx_DFP\2.14.0\Drivers\CMSIS\Device\ST\STM32F4xx\Include

<h2>Collection of Component Files used:</h2>
Build Time Elapsed:  00:00:01
</pre>
</body>
</html>
