Component: ARM Compiler 5.06 update 6 (build 750) Tool: armlink [4d35ed]

==============================================================================

Section Cross References

    startup_stm32f40_41xxx.o(RESET) refers to startup_stm32f40_41xxx.o(STACK) for __initial_sp
    startup_stm32f40_41xxx.o(RESET) refers to startup_stm32f40_41xxx.o(.text) for Reset_Handler
    startup_stm32f40_41xxx.o(RESET) refers to stm32f4xx_it.o(.text) for NMI_Handler
    startup_stm32f40_41xxx.o(RESET) refers to main.o(.text) for TIM3_IRQHandler
    startup_stm32f40_41xxx.o(RESET) refers to tm_stm32f4_usart.o(.text) for USART1_IRQHandler
    startup_stm32f40_41xxx.o(.text) refers to system_stm32f4xx.o(.text) for SystemInit
    startup_stm32f40_41xxx.o(.text) refers to entry.o(.ARM.Collect$$$$00000000) for __main
    ess_helper.o(.text) refers to stm32f4xx_rcc.o(.text) for RCC_AHB1PeriphClockCmd
    ess_helper.o(.text) refers to stm32f4xx_gpio.o(.text) for GPIO_Init
    main.o(.text) refers to stm32f4xx_adc.o(.text) for ADC_DeInit
    main.o(.text) refers to stm32f4xx_rcc.o(.text) for RCC_APB2PeriphClockCmd
    main.o(.text) refers to stm32f4xx_tim.o(.text) for TIM_TimeBaseInit
    main.o(.text) refers to misc.o(.text) for NVIC_Init
    main.o(.text) refers to spi_driver.o(.text) for SPIAcc_Init
    main.o(.text) refers to system_stm32f4xx.o(.text) for SystemInit
    main.o(.text) refers to ess_helper.o(.text) for ess_helper_init
    main.o(.text) refers to led_driver.o(.text) for led_init
    main.o(.text) refers to pwm_driver.o(.text) for pwm_driver_init
    main.o(.text) refers to printfb.o(i.__0printf$bare) for __2printf
    system_stm32f4xx.o(.text) refers to system_stm32f4xx.o(.data) for SystemCoreClock
    pwm_driver.o(.text) refers to led_driver.o(.text) for led_on
    pwm_driver.o(.text) refers to pwm_driver.o(.bss) for state
    spi_driver.o(.text) refers to stm32f4xx_rcc.o(.text) for RCC_APB2PeriphClockCmd
    spi_driver.o(.text) refers to stm32f4xx_spi.o(.text) for SPI_Init
    spi_driver.o(.text) refers to stm32f4xx_gpio.o(.text) for GPIO_Init
    stm32f4xx_gpio.o(.text) refers to stm32f4xx_rcc.o(.text) for RCC_AHB1PeriphResetCmd
    stm32f4xx_tim.o(.text) refers to stm32f4xx_rcc.o(.text) for RCC_APB2PeriphResetCmd
    stm32f4xx_spi.o(.text) refers to stm32f4xx_rcc.o(.text) for RCC_APB2PeriphResetCmd
    stm32f4xx_adc.o(.text) refers to stm32f4xx_rcc.o(.text) for RCC_APB2PeriphResetCmd
    stm32f4xx_rcc.o(.text) refers to stm32f4xx_rcc.o(.data) for APBAHBPrescTable
    stm32f4xx_usart.o(.text) refers to stm32f4xx_rcc.o(.text) for RCC_APB2PeriphResetCmd
    tm_stm32f4_usart.o(.text) refers to tm_stm32f4_gpio.o(.text) for TM_GPIO_InitAlternate
    tm_stm32f4_usart.o(.text) refers to stm32f4xx_usart.o(.text) for USART_DeInit
    tm_stm32f4_usart.o(.text) refers to misc.o(.text) for NVIC_Init
    tm_stm32f4_usart.o(.text) refers to tm_stm32f4_usart.o(.data) for TM_USART1
    tm_stm32f4_usart.o(.data) refers to tm_stm32f4_usart.o(.bss) for TM_USART1_Buffer
    tm_stm32f4_gpio.o(.text) refers to tm_stm32f4_gpio.o(.bss) for GPIO_UsedPins
    entry.o(.ARM.Collect$$$$00000000) refers (Special) to entry10a.o(.ARM.Collect$$$$0000000D) for __rt_final_cpp
    entry.o(.ARM.Collect$$$$00000000) refers (Special) to entry11a.o(.ARM.Collect$$$$0000000F) for __rt_final_exit
    entry.o(.ARM.Collect$$$$00000000) refers (Special) to entry7b.o(.ARM.Collect$$$$00000008) for _main_clock
    entry.o(.ARM.Collect$$$$00000000) refers (Special) to entry8b.o(.ARM.Collect$$$$0000000A) for _main_cpp_init
    entry.o(.ARM.Collect$$$$00000000) refers (Special) to entry9a.o(.ARM.Collect$$$$0000000B) for _main_init
    entry.o(.ARM.Collect$$$$00000000) refers (Special) to entry5.o(.ARM.Collect$$$$00000004) for _main_scatterload
    entry.o(.ARM.Collect$$$$00000000) refers (Special) to entry2.o(.ARM.Collect$$$$00000001) for _main_stk
    printfb.o(i.__0fprintf$bare) refers to printfb.o(i._printf_core) for _printf_core
    printfb.o(i.__0fprintf$bare) refers to main.o(.text) for fputc
    printfb.o(i.__0printf$bare) refers to printfb.o(i._printf_core) for _printf_core
    printfb.o(i.__0printf$bare) refers to main.o(.text) for fputc
    printfb.o(i.__0printf$bare) refers to stdout.o(.data) for __stdout
    printfb.o(i.__0snprintf$bare) refers to printfb.o(i._printf_core) for _printf_core
    printfb.o(i.__0snprintf$bare) refers to printfb.o(i._snputc) for _snputc
    printfb.o(i.__0sprintf$bare) refers to printfb.o(i._printf_core) for _printf_core
    printfb.o(i.__0sprintf$bare) refers to printfb.o(i._sputc) for _sputc
    printfb.o(i.__0vfprintf$bare) refers to printfb.o(i._printf_core) for _printf_core
    printfb.o(i.__0vfprintf$bare) refers to main.o(.text) for fputc
    printfb.o(i.__0vprintf$bare) refers to printfb.o(i._printf_core) for _printf_core
    printfb.o(i.__0vprintf$bare) refers to main.o(.text) for fputc
    printfb.o(i.__0vprintf$bare) refers to stdout.o(.data) for __stdout
    printfb.o(i.__0vsnprintf$bare) refers to printfb.o(i._printf_core) for _printf_core
    printfb.o(i.__0vsnprintf$bare) refers to printfb.o(i._snputc) for _snputc
    printfb.o(i.__0vsprintf$bare) refers to printfb.o(i._printf_core) for _printf_core
    printfb.o(i.__0vsprintf$bare) refers to printfb.o(i._sputc) for _sputc
    printf0.o(i.__0fprintf$0) refers to printf0.o(i._printf_core) for _printf_core
    printf0.o(i.__0fprintf$0) refers to main.o(.text) for fputc
    printf0.o(i.__0printf$0) refers to printf0.o(i._printf_core) for _printf_core
    printf0.o(i.__0printf$0) refers to main.o(.text) for fputc
    printf0.o(i.__0printf$0) refers to stdout.o(.data) for __stdout
    printf0.o(i.__0snprintf$0) refers to printf0.o(i._printf_core) for _printf_core
    printf0.o(i.__0snprintf$0) refers to printf0.o(i._snputc) for _snputc
    printf0.o(i.__0sprintf$0) refers to printf0.o(i._printf_core) for _printf_core
    printf0.o(i.__0sprintf$0) refers to printf0.o(i._sputc) for _sputc
    printf0.o(i.__0vfprintf$0) refers to printf0.o(i._printf_core) for _printf_core
    printf0.o(i.__0vfprintf$0) refers to main.o(.text) for fputc
    printf0.o(i.__0vprintf$0) refers to printf0.o(i._printf_core) for _printf_core
    printf0.o(i.__0vprintf$0) refers to main.o(.text) for fputc
    printf0.o(i.__0vprintf$0) refers to stdout.o(.data) for __stdout
    printf0.o(i.__0vsnprintf$0) refers to printf0.o(i._printf_core) for _printf_core
    printf0.o(i.__0vsnprintf$0) refers to printf0.o(i._snputc) for _snputc
    printf0.o(i.__0vsprintf$0) refers to printf0.o(i._printf_core) for _printf_core
    printf0.o(i.__0vsprintf$0) refers to printf0.o(i._sputc) for _sputc
    printf1.o(i.__0fprintf$1) refers to printf1.o(i._printf_core) for _printf_core
    printf1.o(i.__0fprintf$1) refers to main.o(.text) for fputc
    printf1.o(i.__0printf$1) refers to printf1.o(i._printf_core) for _printf_core
    printf1.o(i.__0printf$1) refers to main.o(.text) for fputc
    printf1.o(i.__0printf$1) refers to stdout.o(.data) for __stdout
    printf1.o(i.__0snprintf$1) refers to printf1.o(i._printf_core) for _printf_core
    printf1.o(i.__0snprintf$1) refers to printf1.o(i._snputc) for _snputc
    printf1.o(i.__0sprintf$1) refers to printf1.o(i._printf_core) for _printf_core
    printf1.o(i.__0sprintf$1) refers to printf1.o(i._sputc) for _sputc
    printf1.o(i.__0vfprintf$1) refers to printf1.o(i._printf_core) for _printf_core
    printf1.o(i.__0vfprintf$1) refers to main.o(.text) for fputc
    printf1.o(i.__0vprintf$1) refers to printf1.o(i._printf_core) for _printf_core
    printf1.o(i.__0vprintf$1) refers to main.o(.text) for fputc
    printf1.o(i.__0vprintf$1) refers to stdout.o(.data) for __stdout
    printf1.o(i.__0vsnprintf$1) refers to printf1.o(i._printf_core) for _printf_core
    printf1.o(i.__0vsnprintf$1) refers to printf1.o(i._snputc) for _snputc
    printf1.o(i.__0vsprintf$1) refers to printf1.o(i._printf_core) for _printf_core
    printf1.o(i.__0vsprintf$1) refers to printf1.o(i._sputc) for _sputc
    printf1.o(i._printf_core) refers to uidiv.o(.text) for __aeabi_uidivmod
    printf2.o(i.__0fprintf$2) refers to printf2.o(i._printf_core) for _printf_core
    printf2.o(i.__0fprintf$2) refers to main.o(.text) for fputc
    printf2.o(i.__0printf$2) refers to printf2.o(i._printf_core) for _printf_core
    printf2.o(i.__0printf$2) refers to main.o(.text) for fputc
    printf2.o(i.__0printf$2) refers to stdout.o(.data) for __stdout
    printf2.o(i.__0snprintf$2) refers to printf2.o(i._printf_core) for _printf_core
    printf2.o(i.__0snprintf$2) refers to printf2.o(i._snputc) for _snputc
    printf2.o(i.__0sprintf$2) refers to printf2.o(i._printf_core) for _printf_core
    printf2.o(i.__0sprintf$2) refers to printf2.o(i._sputc) for _sputc
    printf2.o(i.__0vfprintf$2) refers to printf2.o(i._printf_core) for _printf_core
    printf2.o(i.__0vfprintf$2) refers to main.o(.text) for fputc
    printf2.o(i.__0vprintf$2) refers to printf2.o(i._printf_core) for _printf_core
    printf2.o(i.__0vprintf$2) refers to main.o(.text) for fputc
    printf2.o(i.__0vprintf$2) refers to stdout.o(.data) for __stdout
    printf2.o(i.__0vsnprintf$2) refers to printf2.o(i._printf_core) for _printf_core
    printf2.o(i.__0vsnprintf$2) refers to printf2.o(i._snputc) for _snputc
    printf2.o(i.__0vsprintf$2) refers to printf2.o(i._printf_core) for _printf_core
    printf2.o(i.__0vsprintf$2) refers to printf2.o(i._sputc) for _sputc
    printf3.o(i.__0fprintf$3) refers to printf3.o(i._printf_core) for _printf_core
    printf3.o(i.__0fprintf$3) refers to main.o(.text) for fputc
    printf3.o(i.__0printf$3) refers to printf3.o(i._printf_core) for _printf_core
    printf3.o(i.__0printf$3) refers to main.o(.text) for fputc
    printf3.o(i.__0printf$3) refers to stdout.o(.data) for __stdout
    printf3.o(i.__0snprintf$3) refers to printf3.o(i._printf_core) for _printf_core
    printf3.o(i.__0snprintf$3) refers to printf3.o(i._snputc) for _snputc
    printf3.o(i.__0sprintf$3) refers to printf3.o(i._printf_core) for _printf_core
    printf3.o(i.__0sprintf$3) refers to printf3.o(i._sputc) for _sputc
    printf3.o(i.__0vfprintf$3) refers to printf3.o(i._printf_core) for _printf_core
    printf3.o(i.__0vfprintf$3) refers to main.o(.text) for fputc
    printf3.o(i.__0vprintf$3) refers to printf3.o(i._printf_core) for _printf_core
    printf3.o(i.__0vprintf$3) refers to main.o(.text) for fputc
    printf3.o(i.__0vprintf$3) refers to stdout.o(.data) for __stdout
    printf3.o(i.__0vsnprintf$3) refers to printf3.o(i._printf_core) for _printf_core
    printf3.o(i.__0vsnprintf$3) refers to printf3.o(i._snputc) for _snputc
    printf3.o(i.__0vsprintf$3) refers to printf3.o(i._printf_core) for _printf_core
    printf3.o(i.__0vsprintf$3) refers to printf3.o(i._sputc) for _sputc
    printf3.o(i._printf_core) refers to uidiv.o(.text) for __aeabi_uidivmod
    printf4.o(i.__0fprintf$4) refers to printf4.o(i._printf_core) for _printf_core
    printf4.o(i.__0fprintf$4) refers to main.o(.text) for fputc
    printf4.o(i.__0printf$4) refers to printf4.o(i._printf_core) for _printf_core
    printf4.o(i.__0printf$4) refers to main.o(.text) for fputc
    printf4.o(i.__0printf$4) refers to stdout.o(.data) for __stdout
    printf4.o(i.__0snprintf$4) refers to printf4.o(i._printf_core) for _printf_core
    printf4.o(i.__0snprintf$4) refers to printf4.o(i._snputc) for _snputc
    printf4.o(i.__0sprintf$4) refers to printf4.o(i._printf_core) for _printf_core
    printf4.o(i.__0sprintf$4) refers to printf4.o(i._sputc) for _sputc
    printf4.o(i.__0vfprintf$4) refers to printf4.o(i._printf_core) for _printf_core
    printf4.o(i.__0vfprintf$4) refers to main.o(.text) for fputc
    printf4.o(i.__0vprintf$4) refers to printf4.o(i._printf_core) for _printf_core
    printf4.o(i.__0vprintf$4) refers to main.o(.text) for fputc
    printf4.o(i.__0vprintf$4) refers to stdout.o(.data) for __stdout
    printf4.o(i.__0vsnprintf$4) refers to printf4.o(i._printf_core) for _printf_core
    printf4.o(i.__0vsnprintf$4) refers to printf4.o(i._snputc) for _snputc
    printf4.o(i.__0vsprintf$4) refers to printf4.o(i._printf_core) for _printf_core
    printf4.o(i.__0vsprintf$4) refers to printf4.o(i._sputc) for _sputc
    printf4.o(i._printf_core) refers to uldiv.o(.text) for __aeabi_uldivmod
    printf5.o(i.__0fprintf$5) refers to printf5.o(i._printf_core) for _printf_core
    printf5.o(i.__0fprintf$5) refers to main.o(.text) for fputc
    printf5.o(i.__0printf$5) refers to printf5.o(i._printf_core) for _printf_core
    printf5.o(i.__0printf$5) refers to main.o(.text) for fputc
    printf5.o(i.__0printf$5) refers to stdout.o(.data) for __stdout
    printf5.o(i.__0snprintf$5) refers to printf5.o(i._printf_core) for _printf_core
    printf5.o(i.__0snprintf$5) refers to printf5.o(i._snputc) for _snputc
    printf5.o(i.__0sprintf$5) refers to printf5.o(i._printf_core) for _printf_core
    printf5.o(i.__0sprintf$5) refers to printf5.o(i._sputc) for _sputc
    printf5.o(i.__0vfprintf$5) refers to printf5.o(i._printf_core) for _printf_core
    printf5.o(i.__0vfprintf$5) refers to main.o(.text) for fputc
    printf5.o(i.__0vprintf$5) refers to printf5.o(i._printf_core) for _printf_core
    printf5.o(i.__0vprintf$5) refers to main.o(.text) for fputc
    printf5.o(i.__0vprintf$5) refers to stdout.o(.data) for __stdout
    printf5.o(i.__0vsnprintf$5) refers to printf5.o(i._printf_core) for _printf_core
    printf5.o(i.__0vsnprintf$5) refers to printf5.o(i._snputc) for _snputc
    printf5.o(i.__0vsprintf$5) refers to printf5.o(i._printf_core) for _printf_core
    printf5.o(i.__0vsprintf$5) refers to printf5.o(i._sputc) for _sputc
    printf5.o(i._printf_core) refers to uldiv.o(.text) for __aeabi_uldivmod
    printf6.o(i.__0fprintf$6) refers to printf6.o(i._printf_core) for _printf_core
    printf6.o(i.__0fprintf$6) refers to main.o(.text) for fputc
    printf6.o(i.__0printf$6) refers to printf6.o(i._printf_core) for _printf_core
    printf6.o(i.__0printf$6) refers to main.o(.text) for fputc
    printf6.o(i.__0printf$6) refers to stdout.o(.data) for __stdout
    printf6.o(i.__0snprintf$6) refers to printf6.o(i._printf_core) for _printf_core
    printf6.o(i.__0snprintf$6) refers to printf6.o(i._snputc) for _snputc
    printf6.o(i.__0sprintf$6) refers to printf6.o(i._printf_core) for _printf_core
    printf6.o(i.__0sprintf$6) refers to printf6.o(i._sputc) for _sputc
    printf6.o(i.__0vfprintf$6) refers to printf6.o(i._printf_core) for _printf_core
    printf6.o(i.__0vfprintf$6) refers to main.o(.text) for fputc
    printf6.o(i.__0vprintf$6) refers to printf6.o(i._printf_core) for _printf_core
    printf6.o(i.__0vprintf$6) refers to main.o(.text) for fputc
    printf6.o(i.__0vprintf$6) refers to stdout.o(.data) for __stdout
    printf6.o(i.__0vsnprintf$6) refers to printf6.o(i._printf_core) for _printf_core
    printf6.o(i.__0vsnprintf$6) refers to printf6.o(i._snputc) for _snputc
    printf6.o(i.__0vsprintf$6) refers to printf6.o(i._printf_core) for _printf_core
    printf6.o(i.__0vsprintf$6) refers to printf6.o(i._sputc) for _sputc
    printf6.o(i._printf_core) refers to printf6.o(i._printf_pre_padding) for _printf_pre_padding
    printf6.o(i._printf_core) refers to uidiv.o(.text) for __aeabi_uidivmod
    printf6.o(i._printf_core) refers to printf6.o(i._printf_post_padding) for _printf_post_padding
    printf7.o(i.__0fprintf$7) refers to printf7.o(i._printf_core) for _printf_core
    printf7.o(i.__0fprintf$7) refers to main.o(.text) for fputc
    printf7.o(i.__0printf$7) refers to printf7.o(i._printf_core) for _printf_core
    printf7.o(i.__0printf$7) refers to main.o(.text) for fputc
    printf7.o(i.__0printf$7) refers to stdout.o(.data) for __stdout
    printf7.o(i.__0snprintf$7) refers to printf7.o(i._printf_core) for _printf_core
    printf7.o(i.__0snprintf$7) refers to printf7.o(i._snputc) for _snputc
    printf7.o(i.__0sprintf$7) refers to printf7.o(i._printf_core) for _printf_core
    printf7.o(i.__0sprintf$7) refers to printf7.o(i._sputc) for _sputc
    printf7.o(i.__0vfprintf$7) refers to printf7.o(i._printf_core) for _printf_core
    printf7.o(i.__0vfprintf$7) refers to main.o(.text) for fputc
    printf7.o(i.__0vprintf$7) refers to printf7.o(i._printf_core) for _printf_core
    printf7.o(i.__0vprintf$7) refers to main.o(.text) for fputc
    printf7.o(i.__0vprintf$7) refers to stdout.o(.data) for __stdout
    printf7.o(i.__0vsnprintf$7) refers to printf7.o(i._printf_core) for _printf_core
    printf7.o(i.__0vsnprintf$7) refers to printf7.o(i._snputc) for _snputc
    printf7.o(i.__0vsprintf$7) refers to printf7.o(i._printf_core) for _printf_core
    printf7.o(i.__0vsprintf$7) refers to printf7.o(i._sputc) for _sputc
    printf7.o(i._printf_core) refers to printf7.o(i._printf_pre_padding) for _printf_pre_padding
    printf7.o(i._printf_core) refers to uldiv.o(.text) for __aeabi_uldivmod
    printf7.o(i._printf_core) refers to printf7.o(i._printf_post_padding) for _printf_post_padding
    printf8.o(i.__0fprintf$8) refers to printf8.o(i._printf_core) for _printf_core
    printf8.o(i.__0fprintf$8) refers to main.o(.text) for fputc
    printf8.o(i.__0printf$8) refers to printf8.o(i._printf_core) for _printf_core
    printf8.o(i.__0printf$8) refers to main.o(.text) for fputc
    printf8.o(i.__0printf$8) refers to stdout.o(.data) for __stdout
    printf8.o(i.__0snprintf$8) refers to printf8.o(i._printf_core) for _printf_core
    printf8.o(i.__0snprintf$8) refers to printf8.o(i._snputc) for _snputc
    printf8.o(i.__0sprintf$8) refers to printf8.o(i._printf_core) for _printf_core
    printf8.o(i.__0sprintf$8) refers to printf8.o(i._sputc) for _sputc
    printf8.o(i.__0vfprintf$8) refers to printf8.o(i._printf_core) for _printf_core
    printf8.o(i.__0vfprintf$8) refers to main.o(.text) for fputc
    printf8.o(i.__0vprintf$8) refers to printf8.o(i._printf_core) for _printf_core
    printf8.o(i.__0vprintf$8) refers to main.o(.text) for fputc
    printf8.o(i.__0vprintf$8) refers to stdout.o(.data) for __stdout
    printf8.o(i.__0vsnprintf$8) refers to printf8.o(i._printf_core) for _printf_core
    printf8.o(i.__0vsnprintf$8) refers to printf8.o(i._snputc) for _snputc
    printf8.o(i.__0vsprintf$8) refers to printf8.o(i._printf_core) for _printf_core
    printf8.o(i.__0vsprintf$8) refers to printf8.o(i._sputc) for _sputc
    printf8.o(i._printf_core) refers to printf8.o(i._printf_pre_padding) for _printf_pre_padding
    printf8.o(i._printf_core) refers to uldiv.o(.text) for __aeabi_uldivmod
    printf8.o(i._printf_core) refers to printf8.o(i._printf_post_padding) for _printf_post_padding
    printfa.o(i.__0fprintf) refers (Special) to iusefp.o(.text) for __I$use$fp
    printfa.o(i.__0fprintf) refers to printfa.o(i._printf_core) for _printf_core
    printfa.o(i.__0fprintf) refers to main.o(.text) for fputc
    printfa.o(i.__0printf) refers (Special) to iusefp.o(.text) for __I$use$fp
    printfa.o(i.__0printf) refers to printfa.o(i._printf_core) for _printf_core
    printfa.o(i.__0printf) refers to main.o(.text) for fputc
    printfa.o(i.__0printf) refers to stdout.o(.data) for __stdout
    printfa.o(i.__0snprintf) refers (Special) to iusefp.o(.text) for __I$use$fp
    printfa.o(i.__0snprintf) refers to printfa.o(i._printf_core) for _printf_core
    printfa.o(i.__0snprintf) refers to printfa.o(i._snputc) for _snputc
    printfa.o(i.__0sprintf) refers (Special) to iusefp.o(.text) for __I$use$fp
    printfa.o(i.__0sprintf) refers to printfa.o(i._printf_core) for _printf_core
    printfa.o(i.__0sprintf) refers to printfa.o(i._sputc) for _sputc
    printfa.o(i.__0vfprintf) refers (Special) to iusefp.o(.text) for __I$use$fp
    printfa.o(i.__0vfprintf) refers to printfa.o(i._printf_core) for _printf_core
    printfa.o(i.__0vfprintf) refers to main.o(.text) for fputc
    printfa.o(i.__0vprintf) refers (Special) to iusefp.o(.text) for __I$use$fp
    printfa.o(i.__0vprintf) refers to printfa.o(i._printf_core) for _printf_core
    printfa.o(i.__0vprintf) refers to main.o(.text) for fputc
    printfa.o(i.__0vprintf) refers to stdout.o(.data) for __stdout
    printfa.o(i.__0vsnprintf) refers (Special) to iusefp.o(.text) for __I$use$fp
    printfa.o(i.__0vsnprintf) refers to printfa.o(i._printf_core) for _printf_core
    printfa.o(i.__0vsnprintf) refers to printfa.o(i._snputc) for _snputc
    printfa.o(i.__0vsprintf) refers (Special) to iusefp.o(.text) for __I$use$fp
    printfa.o(i.__0vsprintf) refers to printfa.o(i._printf_core) for _printf_core
    printfa.o(i.__0vsprintf) refers to printfa.o(i._sputc) for _sputc
    printfa.o(i._fp_digits) refers (Special) to iusefp.o(.text) for __I$use$fp
    printfa.o(i._fp_digits) refers to dmul.o(.text) for __aeabi_dmul
    printfa.o(i._fp_digits) refers to ddiv.o(.text) for __aeabi_ddiv
    printfa.o(i._fp_digits) refers to cdrcmple.o(.text) for __aeabi_cdrcmple
    printfa.o(i._fp_digits) refers to dadd.o(.text) for __aeabi_dadd
    printfa.o(i._fp_digits) refers to dfixul.o(.text) for __aeabi_d2ulz
    printfa.o(i._fp_digits) refers to uldiv.o(.text) for __aeabi_uldivmod
    printfa.o(i._printf_core) refers (Special) to iusefp.o(.text) for __I$use$fp
    printfa.o(i._printf_core) refers to printfa.o(i._printf_pre_padding) for _printf_pre_padding
    printfa.o(i._printf_core) refers to uldiv.o(.text) for __aeabi_uldivmod
    printfa.o(i._printf_core) refers to printfa.o(i._printf_post_padding) for _printf_post_padding
    printfa.o(i._printf_core) refers to printfa.o(i._fp_digits) for _fp_digits
    printfa.o(i._printf_core) refers to uidiv.o(.text) for __aeabi_uidivmod
    printfa.o(i._printf_post_padding) refers (Special) to iusefp.o(.text) for __I$use$fp
    printfa.o(i._printf_pre_padding) refers (Special) to iusefp.o(.text) for __I$use$fp
    printfa.o(i._snputc) refers (Special) to iusefp.o(.text) for __I$use$fp
    printfa.o(i._sputc) refers (Special) to iusefp.o(.text) for __I$use$fp
    entry2.o(.ARM.Collect$$$$00000001) refers to entry2.o(.ARM.Collect$$$$00002712) for __lit__00000000
    entry2.o(.ARM.Collect$$$$00002712) refers to startup_stm32f40_41xxx.o(STACK) for __initial_sp
    entry2.o(__vectab_stack_and_reset_area) refers to startup_stm32f40_41xxx.o(STACK) for __initial_sp
    entry2.o(__vectab_stack_and_reset_area) refers to entry.o(.ARM.Collect$$$$00000000) for __main
    entry5.o(.ARM.Collect$$$$00000004) refers to init.o(.text) for __scatterload
    entry9a.o(.ARM.Collect$$$$0000000B) refers to main.o(.text) for main
    entry9b.o(.ARM.Collect$$$$0000000C) refers to main.o(.text) for main
    uldiv.o(.text) refers to llushr.o(.text) for __aeabi_llsr
    uldiv.o(.text) refers to llshl.o(.text) for __aeabi_llsl
    dadd.o(.text) refers to llshl.o(.text) for __aeabi_llsl
    dadd.o(.text) refers to llsshr.o(.text) for __aeabi_lasr
    dadd.o(.text) refers to depilogue.o(.text) for _double_epilogue
    dmul.o(.text) refers to depilogue.o(.text) for _double_epilogue
    ddiv.o(.text) refers to depilogue.o(.text) for _double_round
    dfixul.o(.text) refers to llushr.o(.text) for __aeabi_llsr
    dfixul.o(.text) refers to llshl.o(.text) for __aeabi_llsl
    init.o(.text) refers to entry5.o(.ARM.Collect$$$$00000004) for __main_after_scatterload
    depilogue.o(.text) refers to llshl.o(.text) for __aeabi_llsl
    depilogue.o(.text) refers to llushr.o(.text) for __aeabi_llsr


==============================================================================

Removing Unused input sections from the image.

    Removing startup_stm32f40_41xxx.o(HEAP), (512 bytes).
    Removing ess_helper.o(.rev16_text), (4 bytes).
    Removing ess_helper.o(.revsh_text), (4 bytes).
    Removing ess_helper.o(.rrx_text), (6 bytes).
    Removing main.o(.rev16_text), (4 bytes).
    Removing main.o(.revsh_text), (4 bytes).
    Removing main.o(.rrx_text), (6 bytes).
    Removing stm32f4xx_it.o(.rev16_text), (4 bytes).
    Removing stm32f4xx_it.o(.revsh_text), (4 bytes).
    Removing stm32f4xx_it.o(.rrx_text), (6 bytes).
    Removing system_stm32f4xx.o(.rev16_text), (4 bytes).
    Removing system_stm32f4xx.o(.revsh_text), (4 bytes).
    Removing system_stm32f4xx.o(.rrx_text), (6 bytes).
    Removing led_driver.o(.rev16_text), (4 bytes).
    Removing led_driver.o(.revsh_text), (4 bytes).
    Removing led_driver.o(.rrx_text), (6 bytes).
    Removing pwm_driver.o(.rev16_text), (4 bytes).
    Removing pwm_driver.o(.revsh_text), (4 bytes).
    Removing pwm_driver.o(.rrx_text), (6 bytes).
    Removing delay.o(.rev16_text), (4 bytes).
    Removing delay.o(.revsh_text), (4 bytes).
    Removing delay.o(.rrx_text), (6 bytes).
    Removing delay.o(.text), (68 bytes).
    Removing spi_driver.o(.rev16_text), (4 bytes).
    Removing spi_driver.o(.revsh_text), (4 bytes).
    Removing spi_driver.o(.rrx_text), (6 bytes).
    Removing misc.o(.rev16_text), (4 bytes).
    Removing misc.o(.revsh_text), (4 bytes).
    Removing misc.o(.rrx_text), (6 bytes).
    Removing stm32f4xx_gpio.o(.rev16_text), (4 bytes).
    Removing stm32f4xx_gpio.o(.revsh_text), (4 bytes).
    Removing stm32f4xx_gpio.o(.rrx_text), (6 bytes).
    Removing stm32f4xx_tim.o(.rev16_text), (4 bytes).
    Removing stm32f4xx_tim.o(.revsh_text), (4 bytes).
    Removing stm32f4xx_tim.o(.rrx_text), (6 bytes).
    Removing stm32f4xx_spi.o(.rev16_text), (4 bytes).
    Removing stm32f4xx_spi.o(.revsh_text), (4 bytes).
    Removing stm32f4xx_spi.o(.rrx_text), (6 bytes).
    Removing stm32f4xx_adc.o(.rev16_text), (4 bytes).
    Removing stm32f4xx_adc.o(.revsh_text), (4 bytes).
    Removing stm32f4xx_adc.o(.rrx_text), (6 bytes).
    Removing stm32f4xx_rcc.o(.rev16_text), (4 bytes).
    Removing stm32f4xx_rcc.o(.revsh_text), (4 bytes).
    Removing stm32f4xx_rcc.o(.rrx_text), (6 bytes).
    Removing stm32f4xx_usart.o(.rev16_text), (4 bytes).
    Removing stm32f4xx_usart.o(.revsh_text), (4 bytes).
    Removing stm32f4xx_usart.o(.rrx_text), (6 bytes).
    Removing tm_stm32f4_usart.o(.rev16_text), (4 bytes).
    Removing tm_stm32f4_usart.o(.revsh_text), (4 bytes).
    Removing tm_stm32f4_usart.o(.rrx_text), (6 bytes).
    Removing tm_stm32f4_gpio.o(.rev16_text), (4 bytes).
    Removing tm_stm32f4_gpio.o(.revsh_text), (4 bytes).
    Removing tm_stm32f4_gpio.o(.rrx_text), (6 bytes).
    Removing dadd.o(.text), (334 bytes).
    Removing dmul.o(.text), (228 bytes).
    Removing ddiv.o(.text), (222 bytes).
    Removing dfixul.o(.text), (48 bytes).
    Removing cdrcmple.o(.text), (48 bytes).
    Removing depilogue.o(.text), (186 bytes).

59 unused section(s) (total 1884 bytes) removed from the image.

==============================================================================

Image Symbol Table

    Local Symbols

    Symbol Name                              Value     Ov Type        Size  Object(Section)

    ../clib/microlib/division.c              0x00000000   Number         0  uidiv.o ABSOLUTE
    ../clib/microlib/division.c              0x00000000   Number         0  uldiv.o ABSOLUTE
    ../clib/microlib/init/entry.s            0x00000000   Number         0  entry11b.o ABSOLUTE
    ../clib/microlib/init/entry.s            0x00000000   Number         0  entry11a.o ABSOLUTE
    ../clib/microlib/init/entry.s            0x00000000   Number         0  entry10b.o ABSOLUTE
    ../clib/microlib/init/entry.s            0x00000000   Number         0  entry10a.o ABSOLUTE
    ../clib/microlib/init/entry.s            0x00000000   Number         0  entry9b.o ABSOLUTE
    ../clib/microlib/init/entry.s            0x00000000   Number         0  entry9a.o ABSOLUTE
    ../clib/microlib/init/entry.s            0x00000000   Number         0  entry8b.o ABSOLUTE
    ../clib/microlib/init/entry.s            0x00000000   Number         0  entry8a.o ABSOLUTE
    ../clib/microlib/init/entry.s            0x00000000   Number         0  entry7b.o ABSOLUTE
    ../clib/microlib/init/entry.s            0x00000000   Number         0  entry.o ABSOLUTE
    ../clib/microlib/init/entry.s            0x00000000   Number         0  entry7a.o ABSOLUTE
    ../clib/microlib/init/entry.s            0x00000000   Number         0  entry5.o ABSOLUTE
    ../clib/microlib/init/entry.s            0x00000000   Number         0  entry2.o ABSOLUTE
    ../clib/microlib/longlong.c              0x00000000   Number         0  llsshr.o ABSOLUTE
    ../clib/microlib/longlong.c              0x00000000   Number         0  llushr.o ABSOLUTE
    ../clib/microlib/longlong.c              0x00000000   Number         0  llshl.o ABSOLUTE
    ../clib/microlib/printf/printf.c         0x00000000   Number         0  printf7.o ABSOLUTE
    ../clib/microlib/printf/printf.c         0x00000000   Number         0  printf6.o ABSOLUTE
    ../clib/microlib/printf/printf.c         0x00000000   Number         0  printf5.o ABSOLUTE
    ../clib/microlib/printf/printf.c         0x00000000   Number         0  printf4.o ABSOLUTE
    ../clib/microlib/printf/printf.c         0x00000000   Number         0  printf3.o ABSOLUTE
    ../clib/microlib/printf/printf.c         0x00000000   Number         0  printf1.o ABSOLUTE
    ../clib/microlib/printf/printf.c         0x00000000   Number         0  printf0.o ABSOLUTE
    ../clib/microlib/printf/printf.c         0x00000000   Number         0  printfb.o ABSOLUTE
    ../clib/microlib/printf/printf.c         0x00000000   Number         0  printf2.o ABSOLUTE
    ../clib/microlib/printf/printf.c         0x00000000   Number         0  printfa.o ABSOLUTE
    ../clib/microlib/printf/printf.c         0x00000000   Number         0  printf8.o ABSOLUTE
    ../clib/microlib/stdio/streams.c         0x00000000   Number         0  stdout.o ABSOLUTE
    ../clib/microlib/stubs.s                 0x00000000   Number         0  iusefp.o ABSOLUTE
    ../fplib/microlib/fpadd.c                0x00000000   Number         0  dadd.o ABSOLUTE
    ../fplib/microlib/fpdiv.c                0x00000000   Number         0  ddiv.o ABSOLUTE
    ../fplib/microlib/fpepilogue.c           0x00000000   Number         0  depilogue.o ABSOLUTE
    ../fplib/microlib/fpfix.c                0x00000000   Number         0  dfixul.o ABSOLUTE
    ../fplib/microlib/fpmul.c                0x00000000   Number         0  dmul.o ABSOLUTE
    ..\00-STM32F4xx_STANDARD_PERIPHERAL_DRIVERS\CMSIS\Device\ST\STM32F4xx\Source\Templates\arm\startup_stm32f40_41xxx.s 0x00000000   Number         0  startup_stm32f40_41xxx.o ABSOLUTE
    ..\00-STM32F4xx_STANDARD_PERIPHERAL_DRIVERS\STM32F4xx_StdPeriph_Driver\src\misc.c 0x00000000   Number         0  misc.o ABSOLUTE
    ..\00-STM32F4xx_STANDARD_PERIPHERAL_DRIVERS\STM32F4xx_StdPeriph_Driver\src\stm32f4xx_adc.c 0x00000000   Number         0  stm32f4xx_adc.o ABSOLUTE
    ..\00-STM32F4xx_STANDARD_PERIPHERAL_DRIVERS\STM32F4xx_StdPeriph_Driver\src\stm32f4xx_gpio.c 0x00000000   Number         0  stm32f4xx_gpio.o ABSOLUTE
    ..\00-STM32F4xx_STANDARD_PERIPHERAL_DRIVERS\STM32F4xx_StdPeriph_Driver\src\stm32f4xx_rcc.c 0x00000000   Number         0  stm32f4xx_rcc.o ABSOLUTE
    ..\00-STM32F4xx_STANDARD_PERIPHERAL_DRIVERS\STM32F4xx_StdPeriph_Driver\src\stm32f4xx_spi.c 0x00000000   Number         0  stm32f4xx_spi.o ABSOLUTE
    ..\00-STM32F4xx_STANDARD_PERIPHERAL_DRIVERS\STM32F4xx_StdPeriph_Driver\src\stm32f4xx_tim.c 0x00000000   Number         0  stm32f4xx_tim.o ABSOLUTE
    ..\00-STM32F4xx_STANDARD_PERIPHERAL_DRIVERS\STM32F4xx_StdPeriph_Driver\src\stm32f4xx_usart.c 0x00000000   Number         0  stm32f4xx_usart.o ABSOLUTE
    ..\ESS\ess_helper.c                      0x00000000   Number         0  ess_helper.o ABSOLUTE
    ..\ESS\spi_driver.c                      0x00000000   Number         0  spi_driver.o ABSOLUTE
    ..\ESS\tm_stm32f4_gpio.c                 0x00000000   Number         0  tm_stm32f4_gpio.o ABSOLUTE
    ..\ESS\tm_stm32f4_usart.c                0x00000000   Number         0  tm_stm32f4_usart.o ABSOLUTE
    ..\\00-STM32F4xx_STANDARD_PERIPHERAL_DRIVERS\\STM32F4xx_StdPeriph_Driver\\src\\misc.c 0x00000000   Number         0  misc.o ABSOLUTE
    ..\\00-STM32F4xx_STANDARD_PERIPHERAL_DRIVERS\\STM32F4xx_StdPeriph_Driver\\src\\stm32f4xx_adc.c 0x00000000   Number         0  stm32f4xx_adc.o ABSOLUTE
    ..\\00-STM32F4xx_STANDARD_PERIPHERAL_DRIVERS\\STM32F4xx_StdPeriph_Driver\\src\\stm32f4xx_gpio.c 0x00000000   Number         0  stm32f4xx_gpio.o ABSOLUTE
    ..\\00-STM32F4xx_STANDARD_PERIPHERAL_DRIVERS\\STM32F4xx_StdPeriph_Driver\\src\\stm32f4xx_rcc.c 0x00000000   Number         0  stm32f4xx_rcc.o ABSOLUTE
    ..\\00-STM32F4xx_STANDARD_PERIPHERAL_DRIVERS\\STM32F4xx_StdPeriph_Driver\\src\\stm32f4xx_spi.c 0x00000000   Number         0  stm32f4xx_spi.o ABSOLUTE
    ..\\00-STM32F4xx_STANDARD_PERIPHERAL_DRIVERS\\STM32F4xx_StdPeriph_Driver\\src\\stm32f4xx_tim.c 0x00000000   Number         0  stm32f4xx_tim.o ABSOLUTE
    ..\\00-STM32F4xx_STANDARD_PERIPHERAL_DRIVERS\\STM32F4xx_StdPeriph_Driver\\src\\stm32f4xx_usart.c 0x00000000   Number         0  stm32f4xx_usart.o ABSOLUTE
    ..\\ESS\\ess_helper.c                    0x00000000   Number         0  ess_helper.o ABSOLUTE
    ..\\ESS\\spi_driver.c                    0x00000000   Number         0  spi_driver.o ABSOLUTE
    ..\\ESS\\tm_stm32f4_gpio.c               0x00000000   Number         0  tm_stm32f4_gpio.o ABSOLUTE
    ..\\ESS\\tm_stm32f4_usart.c              0x00000000   Number         0  tm_stm32f4_usart.o ABSOLUTE
    User\\main.c                             0x00000000   Number         0  main.o ABSOLUTE
    User\\stm32f4xx_it.c                     0x00000000   Number         0  stm32f4xx_it.o ABSOLUTE
    User\\system_stm32f4xx.c                 0x00000000   Number         0  system_stm32f4xx.o ABSOLUTE
    User\main.c                              0x00000000   Number         0  main.o ABSOLUTE
    User\stm32f4xx_it.c                      0x00000000   Number         0  stm32f4xx_it.o ABSOLUTE
    User\system_stm32f4xx.c                  0x00000000   Number         0  system_stm32f4xx.o ABSOLUTE
    cdrcmple.s                               0x00000000   Number         0  cdrcmple.o ABSOLUTE
    dc.s                                     0x00000000   Number         0  dc.o ABSOLUTE
    delay.c                                  0x00000000   Number         0  delay.o ABSOLUTE
    delay.c                                  0x00000000   Number         0  delay.o ABSOLUTE
    handlers.s                               0x00000000   Number         0  handlers.o ABSOLUTE
    init.s                                   0x00000000   Number         0  init.o ABSOLUTE
    led_driver.c                             0x00000000   Number         0  led_driver.o ABSOLUTE
    led_driver.c                             0x00000000   Number         0  led_driver.o ABSOLUTE
    pwm_driver.c                             0x00000000   Number         0  pwm_driver.o ABSOLUTE
    pwm_driver.c                             0x00000000   Number         0  pwm_driver.o ABSOLUTE
    RESET                                    0x08000000   Section      392  startup_stm32f40_41xxx.o(RESET)
    .ARM.Collect$$$$00000000                 0x08000188   Section        0  entry.o(.ARM.Collect$$$$00000000)
    .ARM.Collect$$$$00000001                 0x08000188   Section        4  entry2.o(.ARM.Collect$$$$00000001)
    .ARM.Collect$$$$00000004                 0x0800018c   Section        4  entry5.o(.ARM.Collect$$$$00000004)
    .ARM.Collect$$$$00000008                 0x08000190   Section        0  entry7b.o(.ARM.Collect$$$$00000008)
    .ARM.Collect$$$$0000000A                 0x08000190   Section        0  entry8b.o(.ARM.Collect$$$$0000000A)
    .ARM.Collect$$$$0000000B                 0x08000190   Section        8  entry9a.o(.ARM.Collect$$$$0000000B)
    .ARM.Collect$$$$0000000D                 0x08000198   Section        0  entry10a.o(.ARM.Collect$$$$0000000D)
    .ARM.Collect$$$$0000000F                 0x08000198   Section        0  entry11a.o(.ARM.Collect$$$$0000000F)
    .ARM.Collect$$$$00002712                 0x08000198   Section        4  entry2.o(.ARM.Collect$$$$00002712)
    __lit__00000000                          0x08000198   Data           4  entry2.o(.ARM.Collect$$$$00002712)
    .text                                    0x0800019c   Section       36  startup_stm32f40_41xxx.o(.text)
    $v0                                      0x0800019c   Number         0  startup_stm32f40_41xxx.o(.text)
    .text                                    0x080001c0   Section        0  ess_helper.o(.text)
    .text                                    0x08000234   Section        0  main.o(.text)
    .text                                    0x080005b0   Section        0  stm32f4xx_it.o(.text)
    .text                                    0x080005d4   Section        0  system_stm32f4xx.o(.text)
    SetSysClock                              0x080005d5   Thumb Code   220  system_stm32f4xx.o(.text)
    .text                                    0x080007e4   Section        0  led_driver.o(.text)
    .text                                    0x0800081c   Section        0  pwm_driver.o(.text)
    .text                                    0x08000900   Section        0  spi_driver.o(.text)
    .text                                    0x08000aac   Section        0  misc.o(.text)
    .text                                    0x08000b8c   Section        0  stm32f4xx_gpio.o(.text)
    .text                                    0x08000e20   Section        0  stm32f4xx_tim.o(.text)
    TI4_Config                               0x080015bf   Thumb Code    80  stm32f4xx_tim.o(.text)
    TI3_Config                               0x08001621   Thumb Code    72  stm32f4xx_tim.o(.text)
    TI2_Config                               0x08001683   Thumb Code    90  stm32f4xx_tim.o(.text)
    TI1_Config                               0x080016ef   Thumb Code    58  stm32f4xx_tim.o(.text)
    .text                                    0x08001ac4   Section        0  stm32f4xx_spi.o(.text)
    .text                                    0x08001f44   Section        0  stm32f4xx_adc.o(.text)
    .text                                    0x080023a8   Section        0  stm32f4xx_rcc.o(.text)
    .text                                    0x08002a04   Section        0  stm32f4xx_usart.o(.text)
    .text                                    0x08002e58   Section        0  tm_stm32f4_usart.o(.text)
    TM_USART_INT_Init                        0x08003057   Thumb Code   362  tm_stm32f4_usart.o(.text)
    .text                                    0x08003658   Section        0  tm_stm32f4_gpio.o(.text)
    .text                                    0x08003958   Section       36  init.o(.text)
    i.__0printf$bare                         0x0800397c   Section        0  printfb.o(i.__0printf$bare)
    i.__scatterload_copy                     0x0800398c   Section       14  handlers.o(i.__scatterload_copy)
    i.__scatterload_null                     0x0800399a   Section        2  handlers.o(i.__scatterload_null)
    i.__scatterload_zeroinit                 0x0800399c   Section       14  handlers.o(i.__scatterload_zeroinit)
    i._printf_core                           0x080039aa   Section        0  printfb.o(i._printf_core)
    _printf_core                             0x080039ab   Thumb Code    34  printfb.o(i._printf_core)
    .data                                    0x20000000   Section       20  system_stm32f4xx.o(.data)
    .data                                    0x20000014   Section       16  stm32f4xx_rcc.o(.data)
    APBAHBPrescTable                         0x20000014   Data          16  stm32f4xx_rcc.o(.data)
    .data                                    0x20000024   Section       96  tm_stm32f4_usart.o(.data)
    .data                                    0x20000084   Section        4  stdout.o(.data)
    .bss                                     0x20000088   Section       36  pwm_driver.o(.bss)
    .bss                                     0x200000ac   Section      192  tm_stm32f4_usart.o(.bss)
    .bss                                     0x2000016c   Section       22  tm_stm32f4_gpio.o(.bss)
    GPIO_UsedPins                            0x2000016c   Data          22  tm_stm32f4_gpio.o(.bss)
    STACK                                    0x20000188   Section     1024  startup_stm32f40_41xxx.o(STACK)

    Global Symbols

    Symbol Name                              Value     Ov Type        Size  Object(Section)

    BuildAttributes$$THM_ISAv4$E$P$D$K$B$S$7EM$VFPi3$EXTD16$VFPS$VFMA$PE$A:L22UL41UL21$X:L11$S22US41US21$IEEE1$IW$USESV6$~STKCKD$USESV7$~SHL$OSPACE$ROPI$EBA8$MICROLIB$REQ8$PRES8$EABIv2 0x00000000   Number         0  anon$$obj.o ABSOLUTE
    __ARM_use_no_argv                        0x00000000   Number         0  main.o ABSOLUTE
    __cpp_initialize__aeabi_                  - Undefined Weak Reference
    __cxa_finalize                            - Undefined Weak Reference
    __decompress                              - Undefined Weak Reference
    _clock_init                               - Undefined Weak Reference
    _microlib_exit                            - Undefined Weak Reference
    __Vectors_Size                           0x00000188   Number         0  startup_stm32f40_41xxx.o ABSOLUTE
    __Vectors                                0x08000000   Data           4  startup_stm32f40_41xxx.o(RESET)
    __Vectors_End                            0x08000188   Data           0  startup_stm32f40_41xxx.o(RESET)
    __main                                   0x08000189   Thumb Code     0  entry.o(.ARM.Collect$$$$00000000)
    _main_stk                                0x08000189   Thumb Code     0  entry2.o(.ARM.Collect$$$$00000001)
    _main_scatterload                        0x0800018d   Thumb Code     0  entry5.o(.ARM.Collect$$$$00000004)
    __main_after_scatterload                 0x08000191   Thumb Code     0  entry5.o(.ARM.Collect$$$$00000004)
    _main_clock                              0x08000191   Thumb Code     0  entry7b.o(.ARM.Collect$$$$00000008)
    _main_cpp_init                           0x08000191   Thumb Code     0  entry8b.o(.ARM.Collect$$$$0000000A)
    _main_init                               0x08000191   Thumb Code     0  entry9a.o(.ARM.Collect$$$$0000000B)
    __rt_final_cpp                           0x08000199   Thumb Code     0  entry10a.o(.ARM.Collect$$$$0000000D)
    __rt_final_exit                          0x08000199   Thumb Code     0  entry11a.o(.ARM.Collect$$$$0000000F)
    Reset_Handler                            0x0800019d   Thumb Code     8  startup_stm32f40_41xxx.o(.text)
    ADC_IRQHandler                           0x080001b7   Thumb Code     0  startup_stm32f40_41xxx.o(.text)
    CAN1_RX0_IRQHandler                      0x080001b7   Thumb Code     0  startup_stm32f40_41xxx.o(.text)
    CAN1_RX1_IRQHandler                      0x080001b7   Thumb Code     0  startup_stm32f40_41xxx.o(.text)
    CAN1_SCE_IRQHandler                      0x080001b7   Thumb Code     0  startup_stm32f40_41xxx.o(.text)
    CAN1_TX_IRQHandler                       0x080001b7   Thumb Code     0  startup_stm32f40_41xxx.o(.text)
    CAN2_RX0_IRQHandler                      0x080001b7   Thumb Code     0  startup_stm32f40_41xxx.o(.text)
    CAN2_RX1_IRQHandler                      0x080001b7   Thumb Code     0  startup_stm32f40_41xxx.o(.text)
    CAN2_SCE_IRQHandler                      0x080001b7   Thumb Code     0  startup_stm32f40_41xxx.o(.text)
    CAN2_TX_IRQHandler                       0x080001b7   Thumb Code     0  startup_stm32f40_41xxx.o(.text)
    CRYP_IRQHandler                          0x080001b7   Thumb Code     0  startup_stm32f40_41xxx.o(.text)
    DCMI_IRQHandler                          0x080001b7   Thumb Code     0  startup_stm32f40_41xxx.o(.text)
    DMA1_Stream0_IRQHandler                  0x080001b7   Thumb Code     0  startup_stm32f40_41xxx.o(.text)
    DMA1_Stream1_IRQHandler                  0x080001b7   Thumb Code     0  startup_stm32f40_41xxx.o(.text)
    DMA1_Stream2_IRQHandler                  0x080001b7   Thumb Code     0  startup_stm32f40_41xxx.o(.text)
    DMA1_Stream3_IRQHandler                  0x080001b7   Thumb Code     0  startup_stm32f40_41xxx.o(.text)
    DMA1_Stream4_IRQHandler                  0x080001b7   Thumb Code     0  startup_stm32f40_41xxx.o(.text)
    DMA1_Stream5_IRQHandler                  0x080001b7   Thumb Code     0  startup_stm32f40_41xxx.o(.text)
    DMA1_Stream6_IRQHandler                  0x080001b7   Thumb Code     0  startup_stm32f40_41xxx.o(.text)
    DMA1_Stream7_IRQHandler                  0x080001b7   Thumb Code     0  startup_stm32f40_41xxx.o(.text)
    DMA2_Stream0_IRQHandler                  0x080001b7   Thumb Code     0  startup_stm32f40_41xxx.o(.text)
    DMA2_Stream1_IRQHandler                  0x080001b7   Thumb Code     0  startup_stm32f40_41xxx.o(.text)
    DMA2_Stream2_IRQHandler                  0x080001b7   Thumb Code     0  startup_stm32f40_41xxx.o(.text)
    DMA2_Stream3_IRQHandler                  0x080001b7   Thumb Code     0  startup_stm32f40_41xxx.o(.text)
    DMA2_Stream4_IRQHandler                  0x080001b7   Thumb Code     0  startup_stm32f40_41xxx.o(.text)
    DMA2_Stream5_IRQHandler                  0x080001b7   Thumb Code     0  startup_stm32f40_41xxx.o(.text)
    DMA2_Stream6_IRQHandler                  0x080001b7   Thumb Code     0  startup_stm32f40_41xxx.o(.text)
    DMA2_Stream7_IRQHandler                  0x080001b7   Thumb Code     0  startup_stm32f40_41xxx.o(.text)
    ETH_IRQHandler                           0x080001b7   Thumb Code     0  startup_stm32f40_41xxx.o(.text)
    ETH_WKUP_IRQHandler                      0x080001b7   Thumb Code     0  startup_stm32f40_41xxx.o(.text)
    EXTI0_IRQHandler                         0x080001b7   Thumb Code     0  startup_stm32f40_41xxx.o(.text)
    EXTI15_10_IRQHandler                     0x080001b7   Thumb Code     0  startup_stm32f40_41xxx.o(.text)
    EXTI1_IRQHandler                         0x080001b7   Thumb Code     0  startup_stm32f40_41xxx.o(.text)
    EXTI2_IRQHandler                         0x080001b7   Thumb Code     0  startup_stm32f40_41xxx.o(.text)
    EXTI3_IRQHandler                         0x080001b7   Thumb Code     0  startup_stm32f40_41xxx.o(.text)
    EXTI4_IRQHandler                         0x080001b7   Thumb Code     0  startup_stm32f40_41xxx.o(.text)
    EXTI9_5_IRQHandler                       0x080001b7   Thumb Code     0  startup_stm32f40_41xxx.o(.text)
    FLASH_IRQHandler                         0x080001b7   Thumb Code     0  startup_stm32f40_41xxx.o(.text)
    FPU_IRQHandler                           0x080001b7   Thumb Code     0  startup_stm32f40_41xxx.o(.text)
    FSMC_IRQHandler                          0x080001b7   Thumb Code     0  startup_stm32f40_41xxx.o(.text)
    HASH_RNG_IRQHandler                      0x080001b7   Thumb Code     0  startup_stm32f40_41xxx.o(.text)
    I2C1_ER_IRQHandler                       0x080001b7   Thumb Code     0  startup_stm32f40_41xxx.o(.text)
    I2C1_EV_IRQHandler                       0x080001b7   Thumb Code     0  startup_stm32f40_41xxx.o(.text)
    I2C2_ER_IRQHandler                       0x080001b7   Thumb Code     0  startup_stm32f40_41xxx.o(.text)
    I2C2_EV_IRQHandler                       0x080001b7   Thumb Code     0  startup_stm32f40_41xxx.o(.text)
    I2C3_ER_IRQHandler                       0x080001b7   Thumb Code     0  startup_stm32f40_41xxx.o(.text)
    I2C3_EV_IRQHandler                       0x080001b7   Thumb Code     0  startup_stm32f40_41xxx.o(.text)
    OTG_FS_IRQHandler                        0x080001b7   Thumb Code     0  startup_stm32f40_41xxx.o(.text)
    OTG_FS_WKUP_IRQHandler                   0x080001b7   Thumb Code     0  startup_stm32f40_41xxx.o(.text)
    OTG_HS_EP1_IN_IRQHandler                 0x080001b7   Thumb Code     0  startup_stm32f40_41xxx.o(.text)
    OTG_HS_EP1_OUT_IRQHandler                0x080001b7   Thumb Code     0  startup_stm32f40_41xxx.o(.text)
    OTG_HS_IRQHandler                        0x080001b7   Thumb Code     0  startup_stm32f40_41xxx.o(.text)
    OTG_HS_WKUP_IRQHandler                   0x080001b7   Thumb Code     0  startup_stm32f40_41xxx.o(.text)
    PVD_IRQHandler                           0x080001b7   Thumb Code     0  startup_stm32f40_41xxx.o(.text)
    RCC_IRQHandler                           0x080001b7   Thumb Code     0  startup_stm32f40_41xxx.o(.text)
    RTC_Alarm_IRQHandler                     0x080001b7   Thumb Code     0  startup_stm32f40_41xxx.o(.text)
    RTC_WKUP_IRQHandler                      0x080001b7   Thumb Code     0  startup_stm32f40_41xxx.o(.text)
    SDIO_IRQHandler                          0x080001b7   Thumb Code     0  startup_stm32f40_41xxx.o(.text)
    SPI1_IRQHandler                          0x080001b7   Thumb Code     0  startup_stm32f40_41xxx.o(.text)
    SPI2_IRQHandler                          0x080001b7   Thumb Code     0  startup_stm32f40_41xxx.o(.text)
    SPI3_IRQHandler                          0x080001b7   Thumb Code     0  startup_stm32f40_41xxx.o(.text)
    TAMP_STAMP_IRQHandler                    0x080001b7   Thumb Code     0  startup_stm32f40_41xxx.o(.text)
    TIM1_BRK_TIM9_IRQHandler                 0x080001b7   Thumb Code     0  startup_stm32f40_41xxx.o(.text)
    TIM1_CC_IRQHandler                       0x080001b7   Thumb Code     0  startup_stm32f40_41xxx.o(.text)
    TIM1_TRG_COM_TIM11_IRQHandler            0x080001b7   Thumb Code     0  startup_stm32f40_41xxx.o(.text)
    TIM1_UP_TIM10_IRQHandler                 0x080001b7   Thumb Code     0  startup_stm32f40_41xxx.o(.text)
    TIM2_IRQHandler                          0x080001b7   Thumb Code     0  startup_stm32f40_41xxx.o(.text)
    TIM5_IRQHandler                          0x080001b7   Thumb Code     0  startup_stm32f40_41xxx.o(.text)
    TIM6_DAC_IRQHandler                      0x080001b7   Thumb Code     0  startup_stm32f40_41xxx.o(.text)
    TIM7_IRQHandler                          0x080001b7   Thumb Code     0  startup_stm32f40_41xxx.o(.text)
    TIM8_BRK_TIM12_IRQHandler                0x080001b7   Thumb Code     0  startup_stm32f40_41xxx.o(.text)
    TIM8_CC_IRQHandler                       0x080001b7   Thumb Code     0  startup_stm32f40_41xxx.o(.text)
    TIM8_TRG_COM_TIM14_IRQHandler            0x080001b7   Thumb Code     0  startup_stm32f40_41xxx.o(.text)
    TIM8_UP_TIM13_IRQHandler                 0x080001b7   Thumb Code     0  startup_stm32f40_41xxx.o(.text)
    WWDG_IRQHandler                          0x080001b7   Thumb Code     0  startup_stm32f40_41xxx.o(.text)
    _init_leds                               0x080001c1   Thumb Code    50  ess_helper.o(.text)
    _init_button                             0x080001f3   Thumb Code    44  ess_helper.o(.text)
    ess_helper_init                          0x0800021f   Thumb Code    12  ess_helper.o(.text)
    itm_debug                                0x08000235   Thumb Code    48  main.o(.text)
    fputc                                    0x08000265   Thumb Code    14  main.o(.text)
    temp_Init                                0x08000273   Thumb Code   104  main.o(.text)
    temp_read                                0x080002db   Thumb Code    34  main.o(.text)
    TMR4_Init                                0x080002fd   Thumb Code    54  main.o(.text)
    TMR4_WaitForExpiry                       0x08000333   Thumb Code    26  main.o(.text)
    TMR4_Init_ISR                            0x0800034d   Thumb Code    92  main.o(.text)
    TIM4_IRQHandler                          0x080003a9   Thumb Code    22  main.o(.text)
    TMR3Init_ISR                             0x080003bf   Thumb Code    92  main.o(.text)
    TIM3_IRQHandler                          0x0800041b   Thumb Code    22  main.o(.text)
    display_init                             0x08000431   Thumb Code     2  main.o(.text)
    display_tilt                             0x08000433   Thumb Code     2  main.o(.text)
    AccInit                                  0x08000435   Thumb Code    36  main.o(.text)
    AccRead                                  0x08000459   Thumb Code    78  main.o(.text)
    calculate_temp_float                     0x080004a7   Thumb Code    42  main.o(.text)
    calculate_temp_integer                   0x080004d1   Thumb Code     2  main.o(.text)
    main                                     0x080004d3   Thumb Code   182  main.o(.text)
    NMI_Handler                              0x080005b1   Thumb Code     2  stm32f4xx_it.o(.text)
    HardFault_Handler                        0x080005b3   Thumb Code     4  stm32f4xx_it.o(.text)
    MemManage_Handler                        0x080005b7   Thumb Code     4  stm32f4xx_it.o(.text)
    BusFault_Handler                         0x080005bb   Thumb Code     4  stm32f4xx_it.o(.text)
    UsageFault_Handler                       0x080005bf   Thumb Code     4  stm32f4xx_it.o(.text)
    SVC_Handler                              0x080005c3   Thumb Code     2  stm32f4xx_it.o(.text)
    DebugMon_Handler                         0x080005c5   Thumb Code     2  stm32f4xx_it.o(.text)
    PendSV_Handler                           0x080005c7   Thumb Code     2  stm32f4xx_it.o(.text)
    TimingDelay_Decrement                    0x080005c9   Thumb Code     2  stm32f4xx_it.o(.text)
    SysTick_Handler                          0x080005cb   Thumb Code     8  stm32f4xx_it.o(.text)
    SystemInit                               0x080006b1   Thumb Code    88  system_stm32f4xx.o(.text)
    SystemCoreClockUpdate                    0x08000709   Thumb Code   174  system_stm32f4xx.o(.text)
    led_on                                   0x080007e5   Thumb Code    18  led_driver.o(.text)
    led_off                                  0x080007f7   Thumb Code    18  led_driver.o(.text)
    led_init                                 0x08000809   Thumb Code    20  led_driver.o(.text)
    pwm_driver_init                          0x0800081d   Thumb Code    28  pwm_driver.o(.text)
    pwm_driver_set                           0x08000839   Thumb Code    50  pwm_driver.o(.text)
    pwm_driver_update                        0x0800086b   Thumb Code   146  pwm_driver.o(.text)
    SPIAcc_Init                              0x08000901   Thumb Code   194  spi_driver.o(.text)
    SPIAcc_SendByte                          0x080009c3   Thumb Code   108  spi_driver.o(.text)
    SPIAcc_GetByte                           0x08000a2f   Thumb Code   112  spi_driver.o(.text)
    NVIC_PriorityGroupConfig                 0x08000aad   Thumb Code    10  misc.o(.text)
    NVIC_Init                                0x08000ab7   Thumb Code   106  misc.o(.text)
    NVIC_SetVectorTable                      0x08000b21   Thumb Code    14  misc.o(.text)
    NVIC_SystemLPConfig                      0x08000b2f   Thumb Code    34  misc.o(.text)
    SysTick_CLKSourceConfig                  0x08000b51   Thumb Code    40  misc.o(.text)
    GPIO_DeInit                              0x08000b8d   Thumb Code   268  stm32f4xx_gpio.o(.text)
    GPIO_Init                                0x08000c99   Thumb Code   144  stm32f4xx_gpio.o(.text)
    GPIO_StructInit                          0x08000d29   Thumb Code    18  stm32f4xx_gpio.o(.text)
    GPIO_PinLockConfig                       0x08000d3b   Thumb Code    34  stm32f4xx_gpio.o(.text)
    GPIO_ReadInputDataBit                    0x08000d5d   Thumb Code    18  stm32f4xx_gpio.o(.text)
    GPIO_ReadInputData                       0x08000d6f   Thumb Code     8  stm32f4xx_gpio.o(.text)
    GPIO_ReadOutputDataBit                   0x08000d77   Thumb Code    18  stm32f4xx_gpio.o(.text)
    GPIO_ReadOutputData                      0x08000d89   Thumb Code     8  stm32f4xx_gpio.o(.text)
    GPIO_SetBits                             0x08000d91   Thumb Code     4  stm32f4xx_gpio.o(.text)
    GPIO_ResetBits                           0x08000d95   Thumb Code     4  stm32f4xx_gpio.o(.text)
    GPIO_WriteBit                            0x08000d99   Thumb Code    10  stm32f4xx_gpio.o(.text)
    GPIO_Write                               0x08000da3   Thumb Code     4  stm32f4xx_gpio.o(.text)
    GPIO_ToggleBits                          0x08000da7   Thumb Code     8  stm32f4xx_gpio.o(.text)
    GPIO_PinAFConfig                         0x08000daf   Thumb Code    70  stm32f4xx_gpio.o(.text)
    TIM_DeInit                               0x08000e21   Thumb Code   346  stm32f4xx_tim.o(.text)
    TIM_TimeBaseInit                         0x08000f7b   Thumb Code   104  stm32f4xx_tim.o(.text)
    TIM_TimeBaseStructInit                   0x08000fe3   Thumb Code    18  stm32f4xx_tim.o(.text)
    TIM_PrescalerConfig                      0x08000ff5   Thumb Code     6  stm32f4xx_tim.o(.text)
    TIM_CounterModeConfig                    0x08000ffb   Thumb Code    18  stm32f4xx_tim.o(.text)
    TIM_SetCounter                           0x0800100d   Thumb Code     4  stm32f4xx_tim.o(.text)
    TIM_SetAutoreload                        0x08001011   Thumb Code     4  stm32f4xx_tim.o(.text)
    TIM_GetCounter                           0x08001015   Thumb Code     6  stm32f4xx_tim.o(.text)
    TIM_GetPrescaler                         0x0800101b   Thumb Code     6  stm32f4xx_tim.o(.text)
    TIM_UpdateDisableConfig                  0x08001021   Thumb Code    24  stm32f4xx_tim.o(.text)
    TIM_UpdateRequestConfig                  0x08001039   Thumb Code    24  stm32f4xx_tim.o(.text)
    TIM_ARRPreloadConfig                     0x08001051   Thumb Code    24  stm32f4xx_tim.o(.text)
    TIM_SelectOnePulseMode                   0x08001069   Thumb Code    18  stm32f4xx_tim.o(.text)
    TIM_SetClockDivision                     0x0800107b   Thumb Code    18  stm32f4xx_tim.o(.text)
    TIM_Cmd                                  0x0800108d   Thumb Code    24  stm32f4xx_tim.o(.text)
    TIM_OC1Init                              0x080010a5   Thumb Code   114  stm32f4xx_tim.o(.text)
    TIM_OC2Init                              0x08001117   Thumb Code   154  stm32f4xx_tim.o(.text)
    TIM_OC3Init                              0x080011b1   Thumb Code   204  stm32f4xx_tim.o(.text)
    TIM_OC4Init                              0x0800127d   Thumb Code   112  stm32f4xx_tim.o(.text)
    TIM_OCStructInit                         0x080012ed   Thumb Code    20  stm32f4xx_tim.o(.text)
    TIM_SelectOCxM                           0x08001301   Thumb Code    86  stm32f4xx_tim.o(.text)
    TIM_SetCompare1                          0x08001357   Thumb Code     4  stm32f4xx_tim.o(.text)
    TIM_SetCompare2                          0x0800135b   Thumb Code     4  stm32f4xx_tim.o(.text)
    TIM_SetCompare3                          0x0800135f   Thumb Code     4  stm32f4xx_tim.o(.text)
    TIM_SetCompare4                          0x08001363   Thumb Code     4  stm32f4xx_tim.o(.text)
    TIM_ForcedOC1Config                      0x08001367   Thumb Code    18  stm32f4xx_tim.o(.text)
    TIM_ForcedOC2Config                      0x08001379   Thumb Code    26  stm32f4xx_tim.o(.text)
    TIM_ForcedOC3Config                      0x08001393   Thumb Code    18  stm32f4xx_tim.o(.text)
    TIM_ForcedOC4Config                      0x080013a5   Thumb Code    26  stm32f4xx_tim.o(.text)
    TIM_OC1PreloadConfig                     0x080013bf   Thumb Code    18  stm32f4xx_tim.o(.text)
    TIM_OC2PreloadConfig                     0x080013d1   Thumb Code    26  stm32f4xx_tim.o(.text)
    TIM_OC3PreloadConfig                     0x080013eb   Thumb Code    18  stm32f4xx_tim.o(.text)
    TIM_OC4PreloadConfig                     0x080013fd   Thumb Code    26  stm32f4xx_tim.o(.text)
    TIM_OC1FastConfig                        0x08001417   Thumb Code    18  stm32f4xx_tim.o(.text)
    TIM_OC2FastConfig                        0x08001429   Thumb Code    26  stm32f4xx_tim.o(.text)
    TIM_OC3FastConfig                        0x08001443   Thumb Code    18  stm32f4xx_tim.o(.text)
    TIM_OC4FastConfig                        0x08001455   Thumb Code    26  stm32f4xx_tim.o(.text)
    TIM_ClearOC1Ref                          0x0800146f   Thumb Code    18  stm32f4xx_tim.o(.text)
    TIM_ClearOC2Ref                          0x08001481   Thumb Code    24  stm32f4xx_tim.o(.text)
    TIM_ClearOC3Ref                          0x08001499   Thumb Code    18  stm32f4xx_tim.o(.text)
    TIM_ClearOC4Ref                          0x080014ab   Thumb Code    24  stm32f4xx_tim.o(.text)
    TIM_OC1PolarityConfig                    0x080014c3   Thumb Code    18  stm32f4xx_tim.o(.text)
    TIM_OC1NPolarityConfig                   0x080014d5   Thumb Code    18  stm32f4xx_tim.o(.text)
    TIM_OC2PolarityConfig                    0x080014e7   Thumb Code    26  stm32f4xx_tim.o(.text)
    TIM_OC2NPolarityConfig                   0x08001501   Thumb Code    26  stm32f4xx_tim.o(.text)
    TIM_OC3PolarityConfig                    0x0800151b   Thumb Code    26  stm32f4xx_tim.o(.text)
    TIM_OC3NPolarityConfig                   0x08001535   Thumb Code    26  stm32f4xx_tim.o(.text)
    TIM_OC4PolarityConfig                    0x0800154f   Thumb Code    26  stm32f4xx_tim.o(.text)
    TIM_CCxCmd                               0x08001569   Thumb Code    30  stm32f4xx_tim.o(.text)
    TIM_CCxNCmd                              0x08001587   Thumb Code    30  stm32f4xx_tim.o(.text)
    TIM_SetIC4Prescaler                      0x080015a5   Thumb Code    26  stm32f4xx_tim.o(.text)
    TIM_SetIC3Prescaler                      0x0800160f   Thumb Code    18  stm32f4xx_tim.o(.text)
    TIM_SetIC2Prescaler                      0x08001669   Thumb Code    26  stm32f4xx_tim.o(.text)
    TIM_SetIC1Prescaler                      0x080016dd   Thumb Code    18  stm32f4xx_tim.o(.text)
    TIM_ICInit                               0x08001729   Thumb Code   110  stm32f4xx_tim.o(.text)
    TIM_ICStructInit                         0x08001797   Thumb Code    18  stm32f4xx_tim.o(.text)
    TIM_PWMIConfig                           0x080017a9   Thumb Code   124  stm32f4xx_tim.o(.text)
    TIM_GetCapture1                          0x08001825   Thumb Code     6  stm32f4xx_tim.o(.text)
    TIM_GetCapture2                          0x0800182b   Thumb Code     6  stm32f4xx_tim.o(.text)
    TIM_GetCapture3                          0x08001831   Thumb Code     6  stm32f4xx_tim.o(.text)
    TIM_GetCapture4                          0x08001837   Thumb Code     6  stm32f4xx_tim.o(.text)
    TIM_BDTRConfig                           0x0800183d   Thumb Code    32  stm32f4xx_tim.o(.text)
    TIM_BDTRStructInit                       0x0800185d   Thumb Code    18  stm32f4xx_tim.o(.text)
    TIM_CtrlPWMOutputs                       0x0800186f   Thumb Code    30  stm32f4xx_tim.o(.text)
    TIM_SelectCOM                            0x0800188d   Thumb Code    24  stm32f4xx_tim.o(.text)
    TIM_CCPreloadControl                     0x080018a5   Thumb Code    24  stm32f4xx_tim.o(.text)
    TIM_ITConfig                             0x080018bd   Thumb Code    18  stm32f4xx_tim.o(.text)
    TIM_GenerateEvent                        0x080018cf   Thumb Code     4  stm32f4xx_tim.o(.text)
    TIM_GetFlagStatus                        0x080018d3   Thumb Code    18  stm32f4xx_tim.o(.text)
    TIM_ClearFlag                            0x080018e5   Thumb Code     6  stm32f4xx_tim.o(.text)
    TIM_GetITStatus                          0x080018eb   Thumb Code    34  stm32f4xx_tim.o(.text)
    TIM_ClearITPendingBit                    0x0800190d   Thumb Code     6  stm32f4xx_tim.o(.text)
    TIM_DMAConfig                            0x08001913   Thumb Code    10  stm32f4xx_tim.o(.text)
    TIM_DMACmd                               0x0800191d   Thumb Code    18  stm32f4xx_tim.o(.text)
    TIM_SelectCCDMA                          0x0800192f   Thumb Code    24  stm32f4xx_tim.o(.text)
    TIM_InternalClockConfig                  0x08001947   Thumb Code    12  stm32f4xx_tim.o(.text)
    TIM_SelectInputTrigger                   0x08001953   Thumb Code    18  stm32f4xx_tim.o(.text)
    TIM_ITRxExternalClockConfig              0x08001965   Thumb Code    24  stm32f4xx_tim.o(.text)
    TIM_TIxExternalClockConfig               0x0800197d   Thumb Code    62  stm32f4xx_tim.o(.text)
    TIM_ETRConfig                            0x080019bb   Thumb Code    28  stm32f4xx_tim.o(.text)
    TIM_ETRClockMode1Config                  0x080019d7   Thumb Code    54  stm32f4xx_tim.o(.text)
    TIM_ETRClockMode2Config                  0x08001a0d   Thumb Code    32  stm32f4xx_tim.o(.text)
    TIM_SelectOutputTrigger                  0x08001a2d   Thumb Code    18  stm32f4xx_tim.o(.text)
    TIM_SelectSlaveMode                      0x08001a3f   Thumb Code    18  stm32f4xx_tim.o(.text)
    TIM_SelectMasterSlaveMode                0x08001a51   Thumb Code    18  stm32f4xx_tim.o(.text)
    TIM_EncoderInterfaceConfig               0x08001a63   Thumb Code    66  stm32f4xx_tim.o(.text)
    TIM_SelectHallSensor                     0x08001aa5   Thumb Code    24  stm32f4xx_tim.o(.text)
    TIM_RemapConfig                          0x08001abd   Thumb Code     6  stm32f4xx_tim.o(.text)
    SPI_I2S_DeInit                           0x08001ac5   Thumb Code   152  stm32f4xx_spi.o(.text)
    SPI_Init                                 0x08001b5d   Thumb Code    60  stm32f4xx_spi.o(.text)
    I2S_Init                                 0x08001b99   Thumb Code   396  stm32f4xx_spi.o(.text)
    SPI_StructInit                           0x08001d25   Thumb Code    24  stm32f4xx_spi.o(.text)
    I2S_StructInit                           0x08001d3d   Thumb Code    20  stm32f4xx_spi.o(.text)
    SPI_Cmd                                  0x08001d51   Thumb Code    24  stm32f4xx_spi.o(.text)
    I2S_Cmd                                  0x08001d69   Thumb Code    24  stm32f4xx_spi.o(.text)
    SPI_DataSizeConfig                       0x08001d81   Thumb Code    18  stm32f4xx_spi.o(.text)
    SPI_BiDirectionalLineConfig              0x08001d93   Thumb Code    28  stm32f4xx_spi.o(.text)
    SPI_NSSInternalSoftwareConfig            0x08001daf   Thumb Code    30  stm32f4xx_spi.o(.text)
    SPI_SSOutputCmd                          0x08001dcd   Thumb Code    24  stm32f4xx_spi.o(.text)
    SPI_TIModeCmd                            0x08001de5   Thumb Code    24  stm32f4xx_spi.o(.text)
    I2S_FullDuplexConfig                     0x08001dfd   Thumb Code    80  stm32f4xx_spi.o(.text)
    SPI_I2S_ReceiveData                      0x08001e4d   Thumb Code     6  stm32f4xx_spi.o(.text)
    SPI_I2S_SendData                         0x08001e53   Thumb Code     4  stm32f4xx_spi.o(.text)
    SPI_CalculateCRC                         0x08001e57   Thumb Code    24  stm32f4xx_spi.o(.text)
    SPI_TransmitCRC                          0x08001e6f   Thumb Code    10  stm32f4xx_spi.o(.text)
    SPI_GetCRC                               0x08001e79   Thumb Code    16  stm32f4xx_spi.o(.text)
    SPI_GetCRCPolynomial                     0x08001e89   Thumb Code     6  stm32f4xx_spi.o(.text)
    SPI_I2S_DMACmd                           0x08001e8f   Thumb Code    18  stm32f4xx_spi.o(.text)
    SPI_I2S_ITConfig                         0x08001ea1   Thumb Code    68  stm32f4xx_spi.o(.text)
    SPI_I2S_GetFlagStatus                    0x08001ee5   Thumb Code    18  stm32f4xx_spi.o(.text)
    SPI_I2S_ClearFlag                        0x08001ef7   Thumb Code     6  stm32f4xx_spi.o(.text)
    SPI_I2S_GetITStatus                      0x08001efd   Thumb Code    52  stm32f4xx_spi.o(.text)
    SPI_I2S_ClearITPendingBit                0x08001f31   Thumb Code    20  stm32f4xx_spi.o(.text)
    ADC_DeInit                               0x08001f45   Thumb Code    22  stm32f4xx_adc.o(.text)
    ADC_Init                                 0x08001f5b   Thumb Code    74  stm32f4xx_adc.o(.text)
    ADC_StructInit                           0x08001fa5   Thumb Code    20  stm32f4xx_adc.o(.text)
    ADC_CommonInit                           0x08001fb9   Thumb Code    34  stm32f4xx_adc.o(.text)
    ADC_CommonStructInit                     0x08001fdb   Thumb Code    12  stm32f4xx_adc.o(.text)
    ADC_Cmd                                  0x08001fe7   Thumb Code    22  stm32f4xx_adc.o(.text)
    ADC_AnalogWatchdogCmd                    0x08001ffd   Thumb Code    16  stm32f4xx_adc.o(.text)
    ADC_AnalogWatchdogThresholdsConfig       0x0800200d   Thumb Code     6  stm32f4xx_adc.o(.text)
    ADC_AnalogWatchdogSingleChannelConfig    0x08002013   Thumb Code    16  stm32f4xx_adc.o(.text)
    ADC_TempSensorVrefintCmd                 0x08002023   Thumb Code    34  stm32f4xx_adc.o(.text)
    ADC_VBATCmd                              0x08002045   Thumb Code    34  stm32f4xx_adc.o(.text)
    ADC_RegularChannelConfig                 0x08002067   Thumb Code   184  stm32f4xx_adc.o(.text)
    ADC_SoftwareStartConv                    0x0800211f   Thumb Code    10  stm32f4xx_adc.o(.text)
    ADC_GetSoftwareStartConvStatus           0x08002129   Thumb Code    20  stm32f4xx_adc.o(.text)
    ADC_EOCOnEachRegularChannelCmd           0x0800213d   Thumb Code    22  stm32f4xx_adc.o(.text)
    ADC_ContinuousModeCmd                    0x08002153   Thumb Code    22  stm32f4xx_adc.o(.text)
    ADC_DiscModeChannelCountConfig           0x08002169   Thumb Code    24  stm32f4xx_adc.o(.text)
    ADC_DiscModeCmd                          0x08002181   Thumb Code    22  stm32f4xx_adc.o(.text)
    ADC_GetConversionValue                   0x08002197   Thumb Code     8  stm32f4xx_adc.o(.text)
    ADC_GetMultiModeConversionValue          0x0800219f   Thumb Code     8  stm32f4xx_adc.o(.text)
    ADC_DMACmd                               0x080021a7   Thumb Code    22  stm32f4xx_adc.o(.text)
    ADC_DMARequestAfterLastTransferCmd       0x080021bd   Thumb Code    22  stm32f4xx_adc.o(.text)
    ADC_MultiModeDMARequestAfterLastTransferCmd 0x080021d3   Thumb Code    34  stm32f4xx_adc.o(.text)
    ADC_InjectedChannelConfig                0x080021f5   Thumb Code   130  stm32f4xx_adc.o(.text)
    ADC_InjectedSequencerLengthConfig        0x08002277   Thumb Code    24  stm32f4xx_adc.o(.text)
    ADC_SetInjectedOffset                    0x0800228f   Thumb Code    20  stm32f4xx_adc.o(.text)
    ADC_ExternalTrigInjectedConvConfig       0x080022a3   Thumb Code    16  stm32f4xx_adc.o(.text)
    ADC_ExternalTrigInjectedConvEdgeConfig   0x080022b3   Thumb Code    16  stm32f4xx_adc.o(.text)
    ADC_SoftwareStartInjectedConv            0x080022c3   Thumb Code    10  stm32f4xx_adc.o(.text)
    ADC_GetSoftwareStartInjectedConvCmdStatus 0x080022cd   Thumb Code    20  stm32f4xx_adc.o(.text)
    ADC_AutoInjectedConvCmd                  0x080022e1   Thumb Code    22  stm32f4xx_adc.o(.text)
    ADC_InjectedDiscModeCmd                  0x080022f7   Thumb Code    22  stm32f4xx_adc.o(.text)
    ADC_GetInjectedConversionValue           0x0800230d   Thumb Code    28  stm32f4xx_adc.o(.text)
    ADC_ITConfig                             0x08002329   Thumb Code    56  stm32f4xx_adc.o(.text)
    ADC_GetFlagStatus                        0x08002361   Thumb Code    18  stm32f4xx_adc.o(.text)
    ADC_ClearFlag                            0x08002373   Thumb Code     6  stm32f4xx_adc.o(.text)
    ADC_GetITStatus                          0x08002379   Thumb Code    38  stm32f4xx_adc.o(.text)
    ADC_ClearITPendingBit                    0x0800239f   Thumb Code    10  stm32f4xx_adc.o(.text)
    RCC_DeInit                               0x080023a9   Thumb Code    82  stm32f4xx_rcc.o(.text)
    RCC_HSEConfig                            0x080023fb   Thumb Code    14  stm32f4xx_rcc.o(.text)
    RCC_GetFlagStatus                        0x08002409   Thumb Code    60  stm32f4xx_rcc.o(.text)
    RCC_WaitForHSEStartUp                    0x08002445   Thumb Code    56  stm32f4xx_rcc.o(.text)
    RCC_AdjustHSICalibrationValue            0x0800247d   Thumb Code    20  stm32f4xx_rcc.o(.text)
    RCC_HSICmd                               0x08002491   Thumb Code     6  stm32f4xx_rcc.o(.text)
    RCC_LSEConfig                            0x08002497   Thumb Code    46  stm32f4xx_rcc.o(.text)
    RCC_LSICmd                               0x080024c5   Thumb Code     6  stm32f4xx_rcc.o(.text)
    RCC_PLLConfig                            0x080024cb   Thumb Code    32  stm32f4xx_rcc.o(.text)
    RCC_PLLCmd                               0x080024eb   Thumb Code     6  stm32f4xx_rcc.o(.text)
    RCC_PLLI2SConfig                         0x080024f1   Thumb Code    14  stm32f4xx_rcc.o(.text)
    RCC_PLLI2SCmd                            0x080024ff   Thumb Code     6  stm32f4xx_rcc.o(.text)
    RCC_PLLSAIConfig                         0x08002505   Thumb Code    20  stm32f4xx_rcc.o(.text)
    RCC_PLLSAICmd                            0x08002519   Thumb Code     6  stm32f4xx_rcc.o(.text)
    RCC_ClockSecuritySystemCmd               0x0800251f   Thumb Code     6  stm32f4xx_rcc.o(.text)
    RCC_MCO1Config                           0x08002525   Thumb Code    28  stm32f4xx_rcc.o(.text)
    RCC_MCO2Config                           0x08002541   Thumb Code    28  stm32f4xx_rcc.o(.text)
    RCC_SYSCLKConfig                         0x0800255d   Thumb Code    20  stm32f4xx_rcc.o(.text)
    RCC_GetSYSCLKSource                      0x08002571   Thumb Code    12  stm32f4xx_rcc.o(.text)
    RCC_HCLKConfig                           0x0800257d   Thumb Code    20  stm32f4xx_rcc.o(.text)
    RCC_PCLK1Config                          0x08002591   Thumb Code    20  stm32f4xx_rcc.o(.text)
    RCC_PCLK2Config                          0x080025a5   Thumb Code    22  stm32f4xx_rcc.o(.text)
    RCC_GetClocksFreq                        0x080025bb   Thumb Code   222  stm32f4xx_rcc.o(.text)
    RCC_RTCCLKConfig                         0x08002699   Thumb Code    54  stm32f4xx_rcc.o(.text)
    RCC_RTCCLKCmd                            0x080026cf   Thumb Code     8  stm32f4xx_rcc.o(.text)
    RCC_BackupResetCmd                       0x080026d7   Thumb Code     8  stm32f4xx_rcc.o(.text)
    RCC_I2SCLKConfig                         0x080026df   Thumb Code     6  stm32f4xx_rcc.o(.text)
    RCC_SAIBlockACLKConfig                   0x080026e5   Thumb Code    20  stm32f4xx_rcc.o(.text)
    RCC_SAIBlockBCLKConfig                   0x080026f9   Thumb Code    20  stm32f4xx_rcc.o(.text)
    RCC_SAIPLLI2SClkDivConfig                0x0800270d   Thumb Code    26  stm32f4xx_rcc.o(.text)
    RCC_SAIPLLSAIClkDivConfig                0x08002727   Thumb Code    28  stm32f4xx_rcc.o(.text)
    RCC_LTDCCLKDivConfig                     0x08002743   Thumb Code    20  stm32f4xx_rcc.o(.text)
    RCC_TIMCLKPresConfig                     0x08002757   Thumb Code     6  stm32f4xx_rcc.o(.text)
    RCC_AHB1PeriphClockCmd                   0x0800275d   Thumb Code    34  stm32f4xx_rcc.o(.text)
    RCC_AHB2PeriphClockCmd                   0x0800277f   Thumb Code    78  stm32f4xx_rcc.o(.text)
    RCC_AHB3PeriphClockCmd                   0x080027cd   Thumb Code    34  stm32f4xx_rcc.o(.text)
    RCC_APB1PeriphClockCmd                   0x080027ef   Thumb Code    34  stm32f4xx_rcc.o(.text)
    RCC_APB2PeriphClockCmd                   0x08002811   Thumb Code    34  stm32f4xx_rcc.o(.text)
    RCC_AHB1PeriphResetCmd                   0x08002833   Thumb Code    34  stm32f4xx_rcc.o(.text)
    RCC_AHB2PeriphResetCmd                   0x08002855   Thumb Code    34  stm32f4xx_rcc.o(.text)
    RCC_AHB3PeriphResetCmd                   0x08002877   Thumb Code    34  stm32f4xx_rcc.o(.text)
    RCC_APB1PeriphResetCmd                   0x08002899   Thumb Code    34  stm32f4xx_rcc.o(.text)
    RCC_APB2PeriphResetCmd                   0x080028bb   Thumb Code    34  stm32f4xx_rcc.o(.text)
    RCC_AHB1PeriphClockLPModeCmd             0x080028dd   Thumb Code    34  stm32f4xx_rcc.o(.text)
    RCC_AHB2PeriphClockLPModeCmd             0x080028ff   Thumb Code    34  stm32f4xx_rcc.o(.text)
    RCC_AHB3PeriphClockLPModeCmd             0x08002921   Thumb Code    34  stm32f4xx_rcc.o(.text)
    RCC_APB1PeriphClockLPModeCmd             0x08002943   Thumb Code    34  stm32f4xx_rcc.o(.text)
    RCC_APB2PeriphClockLPModeCmd             0x08002965   Thumb Code    34  stm32f4xx_rcc.o(.text)
    RCC_LSEModeConfig                        0x08002987   Thumb Code    40  stm32f4xx_rcc.o(.text)
    RCC_ITConfig                             0x080029af   Thumb Code    34  stm32f4xx_rcc.o(.text)
    RCC_ClearFlag                            0x080029d1   Thumb Code    18  stm32f4xx_rcc.o(.text)
    RCC_GetITStatus                          0x080029e3   Thumb Code    22  stm32f4xx_rcc.o(.text)
    RCC_ClearITPendingBit                    0x080029f9   Thumb Code     8  stm32f4xx_rcc.o(.text)
    USART_DeInit                             0x08002a05   Thumb Code   206  stm32f4xx_usart.o(.text)
    USART_Init                               0x08002ad3   Thumb Code   204  stm32f4xx_usart.o(.text)
    USART_StructInit                         0x08002b9f   Thumb Code    24  stm32f4xx_usart.o(.text)
    USART_ClockInit                          0x08002bb7   Thumb Code    32  stm32f4xx_usart.o(.text)
    USART_ClockStructInit                    0x08002bd7   Thumb Code    12  stm32f4xx_usart.o(.text)
    USART_Cmd                                0x08002be3   Thumb Code    24  stm32f4xx_usart.o(.text)
    USART_SetPrescaler                       0x08002bfb   Thumb Code    16  stm32f4xx_usart.o(.text)
    USART_OverSampling8Cmd                   0x08002c0b   Thumb Code    22  stm32f4xx_usart.o(.text)
    USART_OneBitMethodCmd                    0x08002c21   Thumb Code    24  stm32f4xx_usart.o(.text)
    USART_SendData                           0x08002c39   Thumb Code     8  stm32f4xx_usart.o(.text)
    USART_ReceiveData                        0x08002c41   Thumb Code    10  stm32f4xx_usart.o(.text)
    USART_SetAddress                         0x08002c4b   Thumb Code    18  stm32f4xx_usart.o(.text)
    USART_ReceiverWakeUpCmd                  0x08002c5d   Thumb Code    24  stm32f4xx_usart.o(.text)
    USART_WakeUpConfig                       0x08002c75   Thumb Code    18  stm32f4xx_usart.o(.text)
    USART_LINBreakDetectLengthConfig         0x08002c87   Thumb Code    18  stm32f4xx_usart.o(.text)
    USART_LINCmd                             0x08002c99   Thumb Code    24  stm32f4xx_usart.o(.text)
    USART_SendBreak                          0x08002cb1   Thumb Code    10  stm32f4xx_usart.o(.text)
    USART_HalfDuplexCmd                      0x08002cbb   Thumb Code    24  stm32f4xx_usart.o(.text)
    USART_SetGuardTime                       0x08002cd3   Thumb Code    16  stm32f4xx_usart.o(.text)
    USART_SmartCardCmd                       0x08002ce3   Thumb Code    24  stm32f4xx_usart.o(.text)
    USART_SmartCardNACKCmd                   0x08002cfb   Thumb Code    24  stm32f4xx_usart.o(.text)
    USART_IrDAConfig                         0x08002d13   Thumb Code    18  stm32f4xx_usart.o(.text)
    USART_IrDACmd                            0x08002d25   Thumb Code    24  stm32f4xx_usart.o(.text)
    USART_DMACmd                             0x08002d3d   Thumb Code    18  stm32f4xx_usart.o(.text)
    USART_ITConfig                           0x08002d4f   Thumb Code    74  stm32f4xx_usart.o(.text)
    USART_GetFlagStatus                      0x08002d99   Thumb Code    26  stm32f4xx_usart.o(.text)
    USART_ClearFlag                          0x08002db3   Thumb Code    18  stm32f4xx_usart.o(.text)
    USART_GetITStatus                        0x08002dc5   Thumb Code   118  stm32f4xx_usart.o(.text)
    USART_ClearITPendingBit                  0x08002e3b   Thumb Code    30  stm32f4xx_usart.o(.text)
    TM_USART_INT_GetSubPriority              0x08002e59   Thumb Code    52  tm_stm32f4_usart.o(.text)
    TM_USART_InitCustomPinsCallback          0x08002e8d   Thumb Code     2  tm_stm32f4_usart.o(.text)
    TM_USART6_InitPins                       0x08002e8f   Thumb Code    66  tm_stm32f4_usart.o(.text)
    TM_UART5_InitPins                        0x08002ed1   Thumb Code    60  tm_stm32f4_usart.o(.text)
    TM_UART4_InitPins                        0x08002f0d   Thumb Code    62  tm_stm32f4_usart.o(.text)
    TM_USART3_InitPins                       0x08002f4b   Thumb Code    88  tm_stm32f4_usart.o(.text)
    TM_USART2_InitPins                       0x08002fa3   Thumb Code    64  tm_stm32f4_usart.o(.text)
    TM_USART1_InitPins                       0x08002fe3   Thumb Code    64  tm_stm32f4_usart.o(.text)
    TM_USART_INT_GetUsart                    0x08003023   Thumb Code    52  tm_stm32f4_usart.o(.text)
    TM_USART_Init                            0x080031c1   Thumb Code   264  tm_stm32f4_usart.o(.text)
    TM_USART_InitWithFlowControl             0x080032c9   Thumb Code   196  tm_stm32f4_usart.o(.text)
    TM_USART_Getc                            0x0800338d   Thumb Code    68  tm_stm32f4_usart.o(.text)
    TM_USART_FindCharacter                   0x080033d1   Thumb Code    56  tm_stm32f4_usart.o(.text)
    TM_USART_Gets                            0x08003409   Thumb Code    94  tm_stm32f4_usart.o(.text)
    TM_USART_BufferEmpty                     0x08003467   Thumb Code    32  tm_stm32f4_usart.o(.text)
    TM_USART_BufferFull                      0x08003487   Thumb Code    28  tm_stm32f4_usart.o(.text)
    TM_USART_ClearBuffer                     0x080034a3   Thumb Code    22  tm_stm32f4_usart.o(.text)
    TM_USART_SetCustomStringEndCharacter     0x080034b9   Thumb Code    18  tm_stm32f4_usart.o(.text)
    TM_USART_Puts                            0x080034cb   Thumb Code    70  tm_stm32f4_usart.o(.text)
    TM_USART_Send                            0x08003511   Thumb Code    74  tm_stm32f4_usart.o(.text)
    TM_USART_INT_InsertToBuffer              0x0800355b   Thumb Code    40  tm_stm32f4_usart.o(.text)
    USART1_IRQHandler                        0x08003583   Thumb Code    26  tm_stm32f4_usart.o(.text)
    USART2_IRQHandler                        0x0800359d   Thumb Code    28  tm_stm32f4_usart.o(.text)
    USART3_IRQHandler                        0x080035b9   Thumb Code    28  tm_stm32f4_usart.o(.text)
    UART4_IRQHandler                         0x080035d5   Thumb Code    28  tm_stm32f4_usart.o(.text)
    UART5_IRQHandler                         0x080035f1   Thumb Code    26  tm_stm32f4_usart.o(.text)
    USART6_IRQHandler                        0x0800360b   Thumb Code    28  tm_stm32f4_usart.o(.text)
    TM_GPIO_GetPortSource                    0x08003659   Thumb Code    14  tm_stm32f4_gpio.o(.text)
    TM_GPIO_INT_Init                         0x08003667   Thumb Code   170  tm_stm32f4_gpio.o(.text)
    TM_GPIO_INT_EnableClock                  0x08003711   Thumb Code    28  tm_stm32f4_gpio.o(.text)
    TM_GPIO_Init                             0x0800372d   Thumb Code    48  tm_stm32f4_gpio.o(.text)
    TM_GPIO_InitAlternate                    0x0800375d   Thumb Code   110  tm_stm32f4_gpio.o(.text)
    TM_GPIO_DeInit                           0x080037cb   Thumb Code    66  tm_stm32f4_gpio.o(.text)
    TM_GPIO_SetPinAsInput                    0x0800380d   Thumb Code    38  tm_stm32f4_gpio.o(.text)
    TM_GPIO_SetPinAsOutput                   0x08003833   Thumb Code    46  tm_stm32f4_gpio.o(.text)
    TM_GPIO_SetPinAsAnalog                   0x08003861   Thumb Code    38  tm_stm32f4_gpio.o(.text)
    TM_GPIO_SetPinAsAlternate                0x08003887   Thumb Code    50  tm_stm32f4_gpio.o(.text)
    TM_GPIO_SetPullResistor                  0x080038b9   Thumb Code    50  tm_stm32f4_gpio.o(.text)
    TM_GPIO_Lock                             0x080038eb   Thumb Code    16  tm_stm32f4_gpio.o(.text)
    TM_GPIO_GetPinSource                     0x080038fb   Thumb Code    18  tm_stm32f4_gpio.o(.text)
    TM_GPIO_INT_DisableClock                 0x0800390d   Thumb Code    26  tm_stm32f4_gpio.o(.text)
    TM_GPIO_GetUsedPins                      0x08003927   Thumb Code    18  tm_stm32f4_gpio.o(.text)
    TM_GPIO_GetFreePins                      0x08003939   Thumb Code    22  tm_stm32f4_gpio.o(.text)
    __scatterload                            0x08003959   Thumb Code    28  init.o(.text)
    __scatterload_rt2                        0x08003959   Thumb Code     0  init.o(.text)
    __0printf$bare                           0x0800397d   Thumb Code     8  printfb.o(i.__0printf$bare)
    __1printf$bare                           0x0800397d   Thumb Code     0  printfb.o(i.__0printf$bare)
    __2printf                                0x0800397d   Thumb Code     0  printfb.o(i.__0printf$bare)
    __scatterload_copy                       0x0800398d   Thumb Code    14  handlers.o(i.__scatterload_copy)
    __scatterload_null                       0x0800399b   Thumb Code     2  handlers.o(i.__scatterload_null)
    __scatterload_zeroinit                   0x0800399d   Thumb Code    14  handlers.o(i.__scatterload_zeroinit)
    Region$$Table$$Base                      0x080039cc   Number         0  anon$$obj.o(Region$$Table)
    Region$$Table$$Limit                     0x080039ec   Number         0  anon$$obj.o(Region$$Table)
    SystemCoreClock                          0x20000000   Data           4  system_stm32f4xx.o(.data)
    AHBPrescTable                            0x20000004   Data          16  system_stm32f4xx.o(.data)
    TM_USART1                                0x20000024   Data          16  tm_stm32f4_usart.o(.data)
    TM_USART2                                0x20000034   Data          16  tm_stm32f4_usart.o(.data)
    TM_USART3                                0x20000044   Data          16  tm_stm32f4_usart.o(.data)
    TM_UART4                                 0x20000054   Data          16  tm_stm32f4_usart.o(.data)
    TM_UART5                                 0x20000064   Data          16  tm_stm32f4_usart.o(.data)
    TM_USART6                                0x20000074   Data          16  tm_stm32f4_usart.o(.data)
    __stdout                                 0x20000084   Data           4  stdout.o(.data)
    state                                    0x20000088   Data          36  pwm_driver.o(.bss)
    TM_USART1_Buffer                         0x200000ac   Data          32  tm_stm32f4_usart.o(.bss)
    TM_USART2_Buffer                         0x200000cc   Data          32  tm_stm32f4_usart.o(.bss)
    TM_USART3_Buffer                         0x200000ec   Data          32  tm_stm32f4_usart.o(.bss)
    TM_UART4_Buffer                          0x2000010c   Data          32  tm_stm32f4_usart.o(.bss)
    TM_UART5_Buffer                          0x2000012c   Data          32  tm_stm32f4_usart.o(.bss)
    TM_USART6_Buffer                         0x2000014c   Data          32  tm_stm32f4_usart.o(.bss)
    __initial_sp                             0x20000588   Data           0  startup_stm32f40_41xxx.o(STACK)



==============================================================================

Memory Map of the image

  Image Entry point : 0x08000189

  Load Region LR_IROM1 (Base: 0x08000000, Size: 0x00003a74, Max: 0x00100000, ABSOLUTE)

    Execution Region ER_IROM1 (Exec base: 0x08000000, Load base: 0x08000000, Size: 0x000039ec, Max: 0x00100000, ABSOLUTE)

    Exec Addr    Load Addr    Size         Type   Attr      Idx    E Section Name        Object

    0x08000000   0x08000000   0x00000188   Data   RO            3    RESET               startup_stm32f40_41xxx.o
    0x08000188   0x08000188   0x00000000   Code   RO          590  * .ARM.Collect$$$$00000000  mc_w.l(entry.o)
    0x08000188   0x08000188   0x00000004   Code   RO          853    .ARM.Collect$$$$00000001  mc_w.l(entry2.o)
    0x0800018c   0x0800018c   0x00000004   Code   RO          856    .ARM.Collect$$$$00000004  mc_w.l(entry5.o)
    0x08000190   0x08000190   0x00000000   Code   RO          858    .ARM.Collect$$$$00000008  mc_w.l(entry7b.o)
    0x08000190   0x08000190   0x00000000   Code   RO          860    .ARM.Collect$$$$0000000A  mc_w.l(entry8b.o)
    0x08000190   0x08000190   0x00000008   Code   RO          861    .ARM.Collect$$$$0000000B  mc_w.l(entry9a.o)
    0x08000198   0x08000198   0x00000000   Code   RO          863    .ARM.Collect$$$$0000000D  mc_w.l(entry10a.o)
    0x08000198   0x08000198   0x00000000   Code   RO          865    .ARM.Collect$$$$0000000F  mc_w.l(entry11a.o)
    0x08000198   0x08000198   0x00000004   Code   RO          854    .ARM.Collect$$$$00002712  mc_w.l(entry2.o)
    0x0800019c   0x0800019c   0x00000024   Code   RO            4    .text               startup_stm32f40_41xxx.o
    0x080001c0   0x080001c0   0x00000074   Code   RO           13    .text               ess_helper.o
    0x08000234   0x08000234   0x0000037c   Code   RO          145    .text               main.o
    0x080005b0   0x080005b0   0x00000022   Code   RO          192    .text               stm32f4xx_it.o
    0x080005d2   0x080005d2   0x00000002   PAD
    0x080005d4   0x080005d4   0x00000210   Code   RO          216    .text               system_stm32f4xx.o
    0x080007e4   0x080007e4   0x00000038   Code   RO          246    .text               led_driver.o
    0x0800081c   0x0800081c   0x000000e4   Code   RO          273    .text               pwm_driver.o
    0x08000900   0x08000900   0x000001ac   Code   RO          330    .text               spi_driver.o
    0x08000aac   0x08000aac   0x000000e0   Code   RO          357    .text               misc.o
    0x08000b8c   0x08000b8c   0x00000294   Code   RO          381    .text               stm32f4xx_gpio.o
    0x08000e20   0x08000e20   0x00000ca2   Code   RO          405    .text               stm32f4xx_tim.o
    0x08001ac2   0x08001ac2   0x00000002   PAD
    0x08001ac4   0x08001ac4   0x00000480   Code   RO          429    .text               stm32f4xx_spi.o
    0x08001f44   0x08001f44   0x00000464   Code   RO          453    .text               stm32f4xx_adc.o
    0x080023a8   0x080023a8   0x0000065c   Code   RO          477    .text               stm32f4xx_rcc.o
    0x08002a04   0x08002a04   0x00000454   Code   RO          503    .text               stm32f4xx_usart.o
    0x08002e58   0x08002e58   0x00000800   Code   RO          527    .text               tm_stm32f4_usart.o
    0x08003658   0x08003658   0x00000300   Code   RO          567    .text               tm_stm32f4_gpio.o
    0x08003958   0x08003958   0x00000024   Code   RO          883    .text               mc_w.l(init.o)
    0x0800397c   0x0800397c   0x00000010   Code   RO          594    i.__0printf$bare    mc_w.l(printfb.o)
    0x0800398c   0x0800398c   0x0000000e   Code   RO          895    i.__scatterload_copy  mc_w.l(handlers.o)
    0x0800399a   0x0800399a   0x00000002   Code   RO          896    i.__scatterload_null  mc_w.l(handlers.o)
    0x0800399c   0x0800399c   0x0000000e   Code   RO          897    i.__scatterload_zeroinit  mc_w.l(handlers.o)
    0x080039aa   0x080039aa   0x00000022   Code   RO          601    i._printf_core      mc_w.l(printfb.o)
    0x080039cc   0x080039cc   0x00000020   Data   RO          893    Region$$Table       anon$$obj.o


    Execution Region RW_IRAM1 (Exec base: 0x20000000, Load base: 0x080039ec, Size: 0x00000588, Max: 0x00020000, ABSOLUTE)

    Exec Addr    Load Addr    Size         Type   Attr      Idx    E Section Name        Object

    0x20000000   0x080039ec   0x00000014   Data   RW          217    .data               system_stm32f4xx.o
    0x20000014   0x08003a00   0x00000010   Data   RW          478    .data               stm32f4xx_rcc.o
    0x20000024   0x08003a10   0x00000060   Data   RW          529    .data               tm_stm32f4_usart.o
    0x20000084   0x08003a70   0x00000004   Data   RW          867    .data               mc_w.l(stdout.o)
    0x20000088        -       0x00000024   Zero   RW          274    .bss                pwm_driver.o
    0x200000ac        -       0x000000c0   Zero   RW          528    .bss                tm_stm32f4_usart.o
    0x2000016c        -       0x00000016   Zero   RW          568    .bss                tm_stm32f4_gpio.o
    0x20000182   0x08003a74   0x00000006   PAD
    0x20000188        -       0x00000400   Zero   RW            1    STACK               startup_stm32f40_41xxx.o


==============================================================================

Image component sizes


      Code (inc. data)   RO Data    RW Data    ZI Data      Debug   Object Name

       116         10          0          0          0     312646   ess_helper.o
        56          0          0          0          0       1622   led_driver.o
       892         40          0          0          0      33472   main.o
       224         20          0          0          0       2233   misc.o
       228          4          0          0         36       2083   pwm_driver.o
       428         14          0          0          0       1261   spi_driver.o
        36          8        392          0       1024       1080   startup_stm32f40_41xxx.o
      1124         24          0          0          0      11102   stm32f4xx_adc.o
       660         44          0          0          0       4573   stm32f4xx_gpio.o
        34          0          0          0          0       1524   stm32f4xx_it.o
      1628         52          0         16          0      13576   stm32f4xx_rcc.o
      1152         36          0          0          0       7317   stm32f4xx_spi.o
      3234         60          0          0          0      23424   stm32f4xx_tim.o
      1108         34          0          0          0       8292   stm32f4xx_usart.o
       528         46          0         20          0       1995   system_stm32f4xx.o
       768         10          0          0         22       5740   tm_stm32f4_gpio.o
      2048        122          0         96        192      15139   tm_stm32f4_usart.o

    ----------------------------------------------------------------------
     14268        524        424        132       1280     447079   Object Totals
         0          0         32          0          0          0   (incl. Generated)
         4          0          0          0          6          0   (incl. Padding)

    ----------------------------------------------------------------------

      Code (inc. data)   RO Data    RW Data    ZI Data      Debug   Library Member Name

         0          0          0          0          0          0   entry.o
         0          0          0          0          0          0   entry10a.o
         0          0          0          0          0          0   entry11a.o
         8          4          0          0          0          0   entry2.o
         4          0          0          0          0          0   entry5.o
         0          0          0          0          0          0   entry7b.o
         0          0          0          0          0          0   entry8b.o
         8          4          0          0          0          0   entry9a.o
        30          0          0          0          0          0   handlers.o
        36          8          0          0          0         68   init.o
        50          8          0          0          0        152   printfb.o
         0          0          0          4          0          0   stdout.o

    ----------------------------------------------------------------------
       136         24          0          4          0        220   Library Totals
         0          0          0          0          0          0   (incl. Padding)

    ----------------------------------------------------------------------

      Code (inc. data)   RO Data    RW Data    ZI Data      Debug   Library Name

       136         24          0          4          0        220   mc_w.l

    ----------------------------------------------------------------------
       136         24          0          4          0        220   Library Totals

    ----------------------------------------------------------------------

==============================================================================


      Code (inc. data)   RO Data    RW Data    ZI Data      Debug   

     14404        548        424        136       1280     443251   Grand Totals
     14404        548        424        136       1280     443251   ELF Image Totals
     14404        548        424        136          0          0   ROM Totals

==============================================================================

    Total RO  Size (Code + RO Data)                14828 (  14.48kB)
    Total RW  Size (RW Data + ZI Data)              1416 (   1.38kB)
    Total ROM Size (Code + RO Data + RW Data)      14964 (  14.61kB)

==============================================================================

